Component: ARM Compiler 5.06 update 7 (build 960) Tool: armlink [4d3601]

==============================================================================

Section Cross References

    startup_stm32f427xx.o(STACK) refers (Special) to heapauxi.o(.text) for __use_two_region_memory
    startup_stm32f427xx.o(HEAP) refers (Special) to heapauxi.o(.text) for __use_two_region_memory
    startup_stm32f427xx.o(RESET) refers (Special) to heapauxi.o(.text) for __use_two_region_memory
    startup_stm32f427xx.o(RESET) refers to startup_stm32f427xx.o(STACK) for __initial_sp
    startup_stm32f427xx.o(RESET) refers to startup_stm32f427xx.o(.text) for Reset_Handler
    startup_stm32f427xx.o(RESET) refers to stm32f4xx_it.o(i.NMI_Handler) for NMI_Handler
    startup_stm32f427xx.o(RESET) refers to stm32f4xx_it.o(i.HardFault_Handler) for HardFault_Handler
    startup_stm32f427xx.o(RESET) refers to stm32f4xx_it.o(i.MemManage_Handler) for MemManage_Handler
    startup_stm32f427xx.o(RESET) refers to stm32f4xx_it.o(i.BusFault_Handler) for BusFault_Handler
    startup_stm32f427xx.o(RESET) refers to stm32f4xx_it.o(i.UsageFault_Handler) for UsageFault_Handler
    startup_stm32f427xx.o(RESET) refers to port.o(.emb_text) for SVC_Handler
    startup_stm32f427xx.o(RESET) refers to stm32f4xx_it.o(i.DebugMon_Handler) for DebugMon_Handler
    startup_stm32f427xx.o(RESET) refers to stm32f4xx_it.o(i.SysTick_Handler) for SysTick_Handler
    startup_stm32f427xx.o(RESET) refers to stm32f4xx_it.o(i.DMA1_Stream5_IRQHandler) for DMA1_Stream5_IRQHandler
    startup_stm32f427xx.o(RESET) refers to stm32f4xx_it.o(i.DMA1_Stream6_IRQHandler) for DMA1_Stream6_IRQHandler
    startup_stm32f427xx.o(RESET) refers to stm32f4xx_it.o(i.CAN1_RX0_IRQHandler) for CAN1_RX0_IRQHandler
    startup_stm32f427xx.o(RESET) refers to stm32f4xx_it.o(i.USART1_IRQHandler) for USART1_IRQHandler
    startup_stm32f427xx.o(RESET) refers to stm32f4xx_it.o(i.USART2_IRQHandler) for USART2_IRQHandler
    startup_stm32f427xx.o(RESET) refers to stm32f4xx_it.o(i.DMA2_Stream1_IRQHandler) for DMA2_Stream1_IRQHandler
    startup_stm32f427xx.o(RESET) refers to stm32f4xx_it.o(i.DMA2_Stream2_IRQHandler) for DMA2_Stream2_IRQHandler
    startup_stm32f427xx.o(RESET) refers to stm32f4xx_it.o(i.CAN2_RX0_IRQHandler) for CAN2_RX0_IRQHandler
    startup_stm32f427xx.o(RESET) refers to stm32f4xx_it.o(i.DMA2_Stream6_IRQHandler) for DMA2_Stream6_IRQHandler
    startup_stm32f427xx.o(RESET) refers to bsp_rs485.o(i.USART6_IRQHandler) for USART6_IRQHandler
    startup_stm32f427xx.o(RESET) refers to a_communicate_task.o(i.UART7_IRQHandler) for UART7_IRQHandler
    startup_stm32f427xx.o(RESET) refers to stm32f4xx_it.o(i.UART8_IRQHandler) for UART8_IRQHandler
    startup_stm32f427xx.o(.text) refers (Special) to heapauxi.o(.text) for __use_two_region_memory
    startup_stm32f427xx.o(.text) refers to system_stm32f4xx.o(i.SystemInit) for SystemInit
    startup_stm32f427xx.o(.text) refers to __main.o(!!!main) for __main
    startup_stm32f427xx.o(.text) refers to startup_stm32f427xx.o(HEAP) for Heap_Mem
    startup_stm32f427xx.o(.text) refers to startup_stm32f427xx.o(STACK) for Stack_Mem
    main.o(i.SystemClock_Config) refers to rt_memclr_w.o(.text) for __aeabi_memclr4
    main.o(i.SystemClock_Config) refers to stm32f4xx_hal_rcc.o(i.HAL_RCC_OscConfig) for HAL_RCC_OscConfig
    main.o(i.SystemClock_Config) refers to stm32f4xx_hal_rcc.o(i.HAL_RCC_ClockConfig) for HAL_RCC_ClockConfig
    main.o(i.main) refers to main.o(i.SystemClock_Config) for SystemClock_Config
    main.o(i.main) refers to gpio.o(i.MX_GPIO_Init) for MX_GPIO_Init
    main.o(i.main) refers to dma.o(i.MX_DMA_Init) for MX_DMA_Init
    main.o(i.main) refers to can.o(i.MX_CAN1_Init) for MX_CAN1_Init
    main.o(i.main) refers to can.o(i.MX_CAN2_Init) for MX_CAN2_Init
    main.o(i.main) refers to tim.o(i.MX_TIM4_Init) for MX_TIM4_Init
    main.o(i.main) refers to usart.o(i.MX_USART1_UART_Init) for MX_USART1_UART_Init
    main.o(i.main) refers to tim.o(i.MX_TIM12_Init) for MX_TIM12_Init
    main.o(i.main) refers to usart.o(i.MX_UART7_Init) for MX_UART7_Init
    main.o(i.main) refers to tim.o(i.MX_TIM2_Init) for MX_TIM2_Init
    main.o(i.main) refers to usart.o(i.MX_USART6_UART_Init) for MX_USART6_UART_Init
    main.o(i.main) refers to usart.o(i.MX_USART2_UART_Init) for MX_USART2_UART_Init
    main.o(i.main) refers to usart.o(i.MX_UART8_Init) for MX_UART8_Init
    main.o(i.main) refers to usart.o(i.MX_UART4_Init) for MX_UART4_Init
    main.o(i.main) refers to usart.o(i.MX_UART5_Init) for MX_UART5_Init
    main.o(i.main) refers to remote_control.o(i.remote_control_init) for remote_control_init
    main.o(i.main) refers to bsp_can.o(i.can_filter_init) for can_filter_init
    main.o(i.main) refers to stm32f4xx_hal_tim.o(i.HAL_TIM_Base_Start) for HAL_TIM_Base_Start
    main.o(i.main) refers to stm32f4xx_hal_tim.o(i.HAL_TIM_PWM_Start) for HAL_TIM_PWM_Start
    main.o(i.main) refers to bsp_usart.o(i.uart7_init) for uart7_init
[...]
    DMA2_Stream2_IRQHandler                  0x08000c05   Thumb Code     6  stm32f4xx_it.o(i.DMA2_Stream2_IRQHandler)
    DMA2_Stream6_IRQHandler                  0x08000c11   Thumb Code     6  stm32f4xx_it.o(i.DMA2_Stream6_IRQHandler)
    DebugMon_Handler                         0x08000cc1   Thumb Code     2  stm32f4xx_it.o(i.DebugMon_Handler)
    Error_Handler                            0x08000cc3   Thumb Code     4  main.o(i.Error_Handler)
    HAL_CAN_ActivateNotification             0x08000cc7   Thumb Code    36  stm32f4xx_hal_can.o(i.HAL_CAN_ActivateNotification)
    HAL_CAN_AddTxMessage                     0x08000ceb   Thumb Code   220  stm32f4xx_hal_can.o(i.HAL_CAN_AddTxMessage)
    HAL_CAN_ConfigFilter                     0x08000dc9   Thumb Code   262  stm32f4xx_hal_can.o(i.HAL_CAN_ConfigFilter)
    HAL_CAN_ErrorCallback                    0x08000ed5   Thumb Code     2  stm32f4xx_hal_can.o(i.HAL_CAN_ErrorCallback)
    HAL_CAN_GetRxMessage                     0x08000ed7   Thumb Code   232  stm32f4xx_hal_can.o(i.HAL_CAN_GetRxMessage)
    HAL_CAN_IRQHandler                       0x08000fbf   Thumb Code   508  stm32f4xx_hal_can.o(i.HAL_CAN_IRQHandler)
    HAL_CAN_Init                             0x080011bb   Thumb Code   282  stm32f4xx_hal_can.o(i.HAL_CAN_Init)
    HAL_CAN_MspInit                          0x080012d5   Thumb Code   228  can.o(i.HAL_CAN_MspInit)
    HAL_CAN_RxFifo0FullCallback              0x080013d1   Thumb Code     2  stm32f4xx_hal_can.o(i.HAL_CAN_RxFifo0FullCallback)
    HAL_CAN_RxFifo0MsgPendingCallback        0x080013d5   Thumb Code   104  can_receive.o(i.HAL_CAN_RxFifo0MsgPendingCallback)
    HAL_CAN_RxFifo1FullCallback              0x08001449   Thumb Code     2  stm32f4xx_hal_can.o(i.HAL_CAN_RxFifo1FullCallback)
    HAL_CAN_RxFifo1MsgPendingCallback        0x0800144b   Thumb Code     2  stm32f4xx_hal_can.o(i.HAL_CAN_RxFifo1MsgPendingCallback)
    HAL_CAN_SleepCallback                    0x0800144d   Thumb Code     2  stm32f4xx_hal_can.o(i.HAL_CAN_SleepCallback)
    HAL_CAN_Start                            0x08001451   Thumb Code    88  stm32f4xx_hal_can.o(i.HAL_CAN_Start)
    HAL_CAN_TxMailbox0AbortCallback          0x080014a9   Thumb Code     2  stm32f4xx_hal_can.o(i.HAL_CAN_TxMailbox0AbortCallback)
    HAL_CAN_TxMailbox0CompleteCallback       0x080014ab   Thumb Code     2  stm32f4xx_hal_can.o(i.HAL_CAN_TxMailbox0CompleteCallback)
    HAL_CAN_TxMailbox1AbortCallback          0x080014ad   Thumb Code     2  stm32f4xx_hal_can.o(i.HAL_CAN_TxMailbox1AbortCallback)
    HAL_CAN_TxMailbox1CompleteCallback       0x080014af   Thumb Code     2  stm32f4xx_hal_can.o(i.HAL_CAN_TxMailbox1CompleteCallback)
    HAL_CAN_TxMailbox2AbortCallback          0x080014b1   Thumb Code     2  stm32f4xx_hal_can.o(i.HAL_CAN_TxMailbox2AbortCallback)
    HAL_CAN_TxMailbox2CompleteCallback       0x080014b3   Thumb Code     2  stm32f4xx_hal_can.o(i.HAL_CAN_TxMailbox2CompleteCallback)
    HAL_CAN_WakeUpFromRxMsgCallback          0x080014b5   Thumb Code     2  stm32f4xx_hal_can.o(i.HAL_CAN_WakeUpFromRxMsgCallback)
    HAL_DMA_Abort                            0x080014b7   Thumb Code   146  stm32f4xx_hal_dma.o(i.HAL_DMA_Abort)
    HAL_DMA_Abort_IT                         0x08001549   Thumb Code    36  stm32f4xx_hal_dma.o(i.HAL_DMA_Abort_IT)
    HAL_DMA_IRQHandler                       0x0800156d   Thumb Code   412  stm32f4xx_hal_dma.o(i.HAL_DMA_IRQHandler)
    HAL_DMA_Init                             0x0800170d   Thumb Code   206  stm32f4xx_hal_dma.o(i.HAL_DMA_Init)
    HAL_DMA_Start                            0x080017e1   Thumb Code    70  stm32f4xx_hal_dma.o(i.HAL_DMA_Start)
    HAL_DMA_Start_IT                         0x08001827   Thumb Code   110  stm32f4xx_hal_dma.o(i.HAL_DMA_Start_IT)
    HAL_GPIO_Init                            0x08001895   Thumb Code   510  stm32f4xx_hal_gpio.o(i.HAL_GPIO_Init)
    HAL_GPIO_WritePin                        0x08001ac9   Thumb Code    10  stm32f4xx_hal_gpio.o(i.HAL_GPIO_WritePin)
    HAL_GetTick                              0x08001ad5   Thumb Code     6  stm32f4xx_hal.o(i.HAL_GetTick)
    HAL_IncTick                              0x08001ae1   Thumb Code    12  stm32f4xx_hal.o(i.HAL_IncTick)
    HAL_InitTick                             0x08001af1   Thumb Code    54  stm32f4xx_hal.o(i.HAL_InitTick)
    HAL_NVIC_EnableIRQ                       0x08001b31   Thumb Code    26  stm32f4xx_hal_cortex.o(i.HAL_NVIC_EnableIRQ)
    HAL_NVIC_SetPriority                     0x08001b4d   Thumb Code    60  stm32f4xx_hal_cortex.o(i.HAL_NVIC_SetPriority)
    HAL_RCC_ClockConfig                      0x08001b8d   Thumb Code   288  stm32f4xx_hal_rcc.o(i.HAL_RCC_ClockConfig)
    HAL_RCC_GetPCLK1Freq                     0x08001cc1   Thumb Code    20  stm32f4xx_hal_rcc.o(i.HAL_RCC_GetPCLK1Freq)
    HAL_RCC_GetPCLK2Freq                     0x08001ce1   Thumb Code    20  stm32f4xx_hal_rcc.o(i.HAL_RCC_GetPCLK2Freq)
    HAL_RCC_GetSysClockFreq                  0x08001d01   Thumb Code    88  stm32f4xx_hal_rcc.o(i.HAL_RCC_GetSysClockFreq)
    HAL_RCC_OscConfig                        0x08001d65   Thumb Code   856  stm32f4xx_hal_rcc.o(i.HAL_RCC_OscConfig)
    HAL_SYSTICK_Config                       0x080020d1   Thumb Code    40  stm32f4xx_hal_cortex.o(i.HAL_SYSTICK_Config)
    HAL_TIMEx_MasterConfigSynchronization    0x080020f9   Thumb Code   116  stm32f4xx_hal_tim_ex.o(i.HAL_TIMEx_MasterConfigSynchronization)
    HAL_TIM_Base_Init                        0x08002189   Thumb Code    90  stm32f4xx_hal_tim.o(i.HAL_TIM_Base_Init)
    HAL_TIM_Base_MspInit                     0x080021e5   Thumb Code    74  tim.o(i.HAL_TIM_Base_MspInit)
    HAL_TIM_Base_Start                       0x0800223d   Thumb Code    90  stm32f4xx_hal_tim.o(i.HAL_TIM_Base_Start)
    HAL_TIM_ConfigClockSource                0x080022b5   Thumb Code   220  stm32f4xx_hal_tim.o(i.HAL_TIM_ConfigClockSource)
    HAL_TIM_MspPostInit                      0x08002391   Thumb Code   152  tim.o(i.HAL_TIM_MspPostInit)
    HAL_TIM_PWM_ConfigChannel                0x08002441   Thumb Code   204  stm32f4xx_hal_tim.o(i.HAL_TIM_PWM_ConfigChannel)
    HAL_TIM_PWM_Init                         0x0800250d   Thumb Code    90  stm32f4xx_hal_tim.o(i.HAL_TIM_PWM_Init)
    HAL_TIM_PWM_MspInit                      0x08002567   Thumb Code     2  stm32f4xx_hal_tim.o(i.HAL_TIM_PWM_MspInit)
    HAL_TIM_PWM_Start                        0x08002569   Thumb Code   172  stm32f4xx_hal_tim.o(i.HAL_TIM_PWM_Start)
    HAL_UARTEx_RxEventCallback               0x08002631   Thumb Code     2  stm32f4xx_hal_uart.o(i.HAL_UARTEx_RxEventCallback)
    HAL_UART_ErrorCallback                   0x08002633   Thumb Code     2  stm32f4xx_hal_uart.o(i.HAL_UART_ErrorCallback)
    HAL_UART_IRQHandler                      0x08002635   Thumb Code   610  stm32f4xx_hal_uart.o(i.HAL_UART_IRQHandler)
    HAL_UART_Init                            0x0800289d   Thumb Code    98  stm32f4xx_hal_uart.o(i.HAL_UART_Init)
    HAL_UART_MspInit                         0x08002901   Thumb Code   824  usart.o(i.HAL_UART_MspInit)
    HAL_UART_Receive_DMA                     0x08002c7d   Thumb Code    42  stm32f4xx_hal_uart.o(i.HAL_UART_Receive_DMA)
    HAL_UART_RxCpltCallback                  0x08002ca7   Thumb Code     2  stm32f4xx_hal_uart.o(i.HAL_UART_RxCpltCallback)
    HAL_UART_RxHalfCpltCallback              0x08002ca9   Thumb Code     2  stm32f4xx_hal_uart.o(i.HAL_UART_RxHalfCpltCallback)
    HAL_UART_Transmit                        0x08002cad   Thumb Code   178  stm32f4xx_hal_uart.o(i.HAL_UART_Transmit)
    HAL_UART_Transmit_DMA                    0x08002d61   Thumb Code   126  stm32f4xx_hal_uart.o(i.HAL_UART_Transmit_DMA)
    HAL_UART_TxCpltCallback                  0x08002ded   Thumb Code     2  stm32f4xx_hal_uart.o(i.HAL_UART_TxCpltCallback)
    HAL_UART_TxHalfCpltCallback              0x08002def   Thumb Code     2  stm32f4xx_hal_uart.o(i.HAL_UART_TxHalfCpltCallback)
    HardFault_Handler                        0x08002df1   Thumb Code     2  stm32f4xx_it.o(i.HardFault_Handler)
    MX_CAN1_Init                             0x08002df5   Thumb Code    60  can.o(i.MX_CAN1_Init)
    MX_CAN2_Init                             0x08002e39   Thumb Code    60  can.o(i.MX_CAN2_Init)
    MX_DMA_Init                              0x08002e7d   Thumb Code   120  dma.o(i.MX_DMA_Init)
    MX_FREERTOS_Init                         0x08002ef9   Thumb Code   162  freertos.o(i.MX_FREERTOS_Init)
    MX_GPIO_Init                             0x08002fa5   Thumb Code   324  gpio.o(i.MX_GPIO_Init)
    MX_TIM12_Init                            0x08003105   Thumb Code   120  tim.o(i.MX_TIM12_Init)
    MX_TIM2_Init                             0x08003185   Thumb Code   158  tim.o(i.MX_TIM2_Init)
    MX_TIM4_Init                             0x08003229   Thumb Code   192  tim.o(i.MX_TIM4_Init)
    MX_UART4_Init                            0x080032f1   Thumb Code    48  usart.o(i.MX_UART4_Init)
    MX_UART5_Init                            0x08003329   Thumb Code    48  usart.o(i.MX_UART5_Init)
    MX_UART7_Init                            0x08003361   Thumb Code    48  usart.o(i.MX_UART7_Init)
    MX_UART8_Init                            0x08003399   Thumb Code    48  usart.o(i.MX_UART8_Init)
    MX_USART1_UART_Init                      0x080033d1   Thumb Code    50  usart.o(i.MX_USART1_UART_Init)
    MX_USART2_UART_Init                      0x08003411   Thumb Code    48  usart.o(i.MX_USART2_UART_Init)
    MX_USART6_UART_Init                      0x08003449   Thumb Code    46  usart.o(i.MX_USART6_UART_Init)
    MemManage_Handler                        0x08003485   Thumb Code     2  stm32f4xx_it.o(i.MemManage_Handler)
    NMI_Handler                              0x08003487   Thumb Code     2  stm32f4xx_it.o(i.NMI_Handler)
    PID_calc                                 0x08003489   Thumb Code   292  pid.o(i.PID_calc)
    PID_init                                 0x080035b1   Thumb Code    88  pid.o(i.PID_init)
    RC_init                                  0x0800360d   Thumb Code    84  bsp_rc.o(i.RC_init)
    Sign                                     0x0800366d   Thumb Code    38  td.o(i.Sign)
    StartDefaultTask                         0x08003699   Thumb Code     8  freertos.o(i.StartDefaultTask)
    SysTick_Handler                          0x080036a1   Thumb Code    24  stm32f4xx_it.o(i.SysTick_Handler)
    SystemClock_Config                       0x080036b9   Thumb Code   140  main.o(i.SystemClock_Config)
    SystemInit                               0x0800374d   Thumb Code    12  system_stm32f4xx.o(i.SystemInit)
    TD_calc                                  0x0800375d   Thumb Code   318  td.o(i.TD_calc)
    TD_init                                  0x080038a5   Thumb Code    30  td.o(i.TD_init)
    TIM_Base_SetConfig                       0x080038c9   Thumb Code   156  stm32f4xx_hal_tim.o(i.TIM_Base_SetConfig)
    TIM_CCxChannelCmd                        0x08003991   Thumb Code    26  stm32f4xx_hal_tim.o(i.TIM_CCxChannelCmd)
    TIM_ETR_SetConfig                        0x080039ab   Thumb Code    20  stm32f4xx_hal_tim.o(i.TIM_ETR_SetConfig)
    TIM_OC2_SetConfig                        0x08003a31   Thumb Code    98  stm32f4xx_hal_tim.o(i.TIM_OC2_SetConfig)
    UART7_IRQHandler                         0x08003b9d   Thumb Code   248  a_communicate_task.o(i.UART7_IRQHandler)
    UART8_IRQHandler                         0x08003ca1   Thumb Code    40  stm32f4xx_it.o(i.UART8_IRQHandler)
    UART_Start_Receive_DMA                   0x08004049   Thumb Code   130  stm32f4xx_hal_uart.o(i.UART_Start_Receive_DMA)
    USART1_IRQHandler                        0x08004151   Thumb Code    16  stm32f4xx_it.o(i.USART1_IRQHandler)
    USART2_IRQHandler                        0x08004165   Thumb Code    16  stm32f4xx_it.o(i.USART2_IRQHandler)
    USART6_IRQHandler                        0x08004179   Thumb Code    98  bsp_rs485.o(i.USART6_IRQHandler)
    UsageFault_Handler                       0x080041ed   Thumb Code     2  stm32f4xx_it.o(i.UsageFault_Handler)
    __ARM_fpclassify                         0x080041ef   Thumb Code    48  fpclassify.o(i.__ARM_fpclassify)
    __hardfp_acos                            0x08004241   Thumb Code   738  acos.o(i.__hardfp_acos)
    __hardfp_atan                            0x08004599   Thumb Code   622  atan.o(i.__hardfp_atan)
    __hardfp_sqrt                            0x08004871   Thumb Code   122  sqrt_full.o(i.__hardfp_sqrt)
    __kernel_poly                            0x080048eb   Thumb Code   248  poly.o(i.__kernel_poly)
    __mathlib_dbl_infnan                     0x080049e3   Thumb Code    20  dunder.o(i.__mathlib_dbl_infnan)
    __mathlib_dbl_invalid                    0x080049f9   Thumb Code    24  dunder.o(i.__mathlib_dbl_invalid)
    __mathlib_dbl_underflow                  0x08004a19   Thumb Code    24  dunder.o(i.__mathlib_dbl_underflow)
    _sys_exit                                0x08004a39   Thumb Code     2  usart.o(i._sys_exit)
    _ttywrch                                 0x08004a3b   Thumb Code     2  usart.o(i._ttywrch)
    air_control_task                         0x08004bc1   Thumb Code   106  air_control_task.o(i.air_control_task)
    arm_control_task                         0x0800578d   Thumb Code    48  arm_control_task.o(i.arm_control_task)
    arm_zero_task                            0x080060e1   Thumb Code   116  arm_zero_task.o(i.arm_zero_task)
    can_filter_init                          0x08006165   Thumb Code    80  bsp_can.o(i.can_filter_init)
    chassis_behaviour_control_set            0x080061bd   Thumb Code    64  chassis_behaviour.o(i.chassis_behaviour_control_set)
    chassis_behaviour_mode_set               0x08006205   Thumb Code    54  chassis_behaviour.o(i.chassis_behaviour_mode_set)
    chassis_pc_to_control_vector             0x08006555   Thumb Code     2  chassis_task.o(i.chassis_pc_to_control_vector)
    chassis_rc_to_control_vector             0x08006559   Thumb Code   290  chassis_task.o(i.chassis_rc_to_control_vector)
    chassis_task                             0x080066a1   Thumb Code   156  chassis_task.o(i.chassis_task)
    crc32_core                               0x08006749   Thumb Code    56  bsp_rs485.o(i.crc32_core)
    extract_data                             0x08006785   Thumb Code   186  bsp_rs485.o(i.extract_data)
    fabs                                     0x08006855   Thumb Code    24  fabs.o(i.fabs)
    first_order_filter_cali                  0x0800686d   Thumb Code    78  user_lib.o(i.first_order_filter_cali)
    first_order_filter_init                  0x080068bb   Thumb Code    18  user_lib.o(i.first_order_filter_init)
    fp32_constrain                           0x080068cd   Thumb Code    32  user_lib.o(i.fp32_constrain)
    fsg                                      0x080068ed   Thumb Code    40  td.o(i.fsg)
    get_chassis_motor_measure_point          0x08006915   Thumb Code    16  can_receive.o(i.get_chassis_motor_measure_point)
    get_remote_control_point                 0x08006929   Thumb Code     4  remote_control.o(i.get_remote_control_point)
    key_init                                 0x080069c5   Thumb Code    14  keyboard.o(i.key_init)
    key_itself_press_num                     0x080069d3   Thumb Code    90  keyboard.o(i.key_itself_press_num)
    key_press                                0x08006a2d   Thumb Code   130  keyboard.o(i.key_press)
    main                                     0x08006ab5   Thumb Code   150  main.o(i.main)
    modify_and_send_data_0                   0x08006b61   Thumb Code   196  bsp_rs485.o(i.modify_and_send_data_0)
    osDelay                                  0x08006c49   Thumb Code    14  cmsis_os.o(i.osDelay)
    osDelayUntil                             0x08006c57   Thumb Code    14  cmsis_os.o(i.osDelayUntil)
    osKernelStart                            0x08006c65   Thumb Code    10  cmsis_os.o(i.osKernelStart)
    osKernelSysTick                          0x08006c6f   Thumb Code    24  cmsis_os.o(i.osKernelSysTick)
    osThreadCreate                           0x08006c87   Thumb Code    84  cmsis_os.o(i.osThreadCreate)
    pc_info_task                             0x08006cdd   Thumb Code   186  pc_info_task.o(i.pc_info_task)
    pvPortMalloc                             0x08007561   Thumb Code   216  heap_4.o(i.pvPortMalloc)
    pxPortInitialiseStack                    0x0800763d   Thumb Code    40  port.o(i.pxPortInitialiseStack)
    remote_control_init                      0x08007669   Thumb Code    12  remote_control.o(i.remote_control_init)
    rs485_uart_init                          0x08007679   Thumb Code    22  bsp_rs485.o(i.rs485_uart_init)
    sqrt                                     0x080077b7   Thumb Code   110  sqrt_full.o(i.sqrt)
    uart5_init                               0x08007825   Thumb Code    22  bsp_usart.o(i.uart5_init)
    uart7_init                               0x08007841   Thumb Code    22  bsp_usart.o(i.uart7_init)
    uart8_init                               0x0800785d   Thumb Code    22  bsp_usart.o(i.uart8_init)
    usart1_IRQHandler                        0x08007879   Thumb Code   156  remote_control.o(i.usart1_IRQHandler)
    usart2_IRQHandler                        0x0800792d   Thumb Code   280  pc_info_task.o(i.usart2_IRQHandler)
    usart2_idle_init                         0x08007a5d   Thumb Code    82  bsp_usart.o(i.usart2_idle_init)
    uxListRemove                             0x08007ab9   Thumb Code    38  list.o(i.uxListRemove)
    uxTaskGetStackHighWaterMark              0x08007ae1   Thumb Code    12  tasks.o(i.uxTaskGetStackHighWaterMark)
    vApplicationGetIdleTaskMemory            0x08007af1   Thumb Code    16  freertos.o(i.vApplicationGetIdleTaskMemory)
    vApplicationGetTimerTaskMemory           0x08007b05   Thumb Code    18  freertos.o(i.vApplicationGetTimerTaskMemory)
    vListInitialise                          0x08007b1d   Thumb Code    22  list.o(i.vListInitialise)
    vListInitialiseItem                      0x08007b33   Thumb Code     6  list.o(i.vListInitialiseItem)
    vListInsert                              0x08007b39   Thumb Code    48  list.o(i.vListInsert)
    vListInsertEnd                           0x08007b69   Thumb Code    24  list.o(i.vListInsertEnd)
    vPortEnterCritical                       0x08007b81   Thumb Code    54  port.o(i.vPortEnterCritical)
    vPortExitCritical                        0x08007bc1   Thumb Code    34  port.o(i.vPortExitCritical)
    vPortFree                                0x08007be9   Thumb Code    94  heap_4.o(i.vPortFree)
    vPortSetupTimerInterrupt                 0x08007c4d   Thumb Code    32  port.o(i.vPortSetupTimerInterrupt)
    vPortValidateInterruptPriority           0x08007c71   Thumb Code    74  port.o(i.vPortValidateInterruptPriority)
    vQueueAddToRegistry                      0x08007cc5   Thumb Code    34  queue.o(i.vQueueAddToRegistry)
    vQueueWaitForMessageRestricted           0x08007ced   Thumb Code    68  queue.o(i.vQueueWaitForMessageRestricted)
    vTaskDelay                               0x08007d31   Thumb Code    66  tasks.o(i.vTaskDelay)
    vTaskDelayUntil                          0x08007d7d   Thumb Code   132  tasks.o(i.vTaskDelayUntil)
    vTaskInternalSetTimeOutState             0x08007e09   Thumb Code    12  tasks.o(i.vTaskInternalSetTimeOutState)
    vTaskMissedYield                         0x08007e19   Thumb Code     8  tasks.o(i.vTaskMissedYield)
    vTaskPlaceOnEventList                    0x08007e25   Thumb Code    44  tasks.o(i.vTaskPlaceOnEventList)
    vTaskPlaceOnEventListRestricted          0x08007e55   Thumb Code    52  tasks.o(i.vTaskPlaceOnEventListRestricted)
    vTaskStartScheduler                      0x08007e8d   Thumb Code   118  tasks.o(i.vTaskStartScheduler)
    vTaskSuspendAll                          0x08007f15   Thumb Code    10  tasks.o(i.vTaskSuspendAll)
    vTaskSwitchContext                       0x08007f25   Thumb Code    82  tasks.o(i.vTaskSwitchContext)
    xPortStartScheduler                      0x08007f81   Thumb Code   222  port.o(i.xPortStartScheduler)
    xPortSysTickHandler                      0x08008075   Thumb Code    38  port.o(i.xPortSysTickHandler)
    xQueueGenericCreateStatic                0x080080a1   Thumb Code   102  queue.o(i.xQueueGenericCreateStatic)
    xQueueGenericReset                       0x08008109   Thumb Code   132  queue.o(i.xQueueGenericReset)
    xQueueGenericSend                        0x08008191   Thumb Code   346  queue.o(i.xQueueGenericSend)
    xQueueGenericSendFromISR                 0x080082f1   Thumb Code   190  queue.o(i.xQueueGenericSendFromISR)
    xQueueReceive                            0x080083b1   Thumb Code   308  queue.o(i.xQueueReceive)
    xTaskCheckForTimeOut                     0x080084e9   Thumb Code   132  tasks.o(i.xTaskCheckForTimeOut)
    xTaskCreate                              0x08008571   Thumb Code    90  tasks.o(i.xTaskCreate)
    xTaskCreateStatic                        0x080085cb   Thumb Code    86  tasks.o(i.xTaskCreateStatic)
    xTaskGetSchedulerState                   0x08008621   Thumb Code    22  tasks.o(i.xTaskGetSchedulerState)
    xTaskGetTickCount                        0x0800863d   Thumb Code     6  tasks.o(i.xTaskGetTickCount)
    xTaskGetTickCountFromISR                 0x08008649   Thumb Code    12  tasks.o(i.xTaskGetTickCountFromISR)
    xTaskIncrementTick                       0x08008659   Thumb Code   194  tasks.o(i.xTaskIncrementTick)
    xTaskPriorityDisinherit                  0x08008725   Thumb Code   144  tasks.o(i.xTaskPriorityDisinherit)
    xTaskRemoveFromEventList                 0x080087bd   Thumb Code   108  tasks.o(i.xTaskRemoveFromEventList)
    xTaskResumeAll                           0x08008831   Thumb Code   182  tasks.o(i.xTaskResumeAll)
    xTimerCreateTimerTask                    0x080088f5   Thumb Code    78  timers.o(i.xTimerCreateTimerTask)
    xTimerGenericCommand                     0x08008955   Thumb Code    92  timers.o(i.xTimerGenericCommand)
    __aeabi_dneg                             0x080089b5   Thumb Code     0  basic.o(x$fpl$basic)
    _dneg                                    0x080089b5   Thumb Code     6  basic.o(x$fpl$basic)
    __aeabi_fneg                             0x080089bb   Thumb Code     0  basic.o(x$fpl$basic)
    _fneg                                    0x080089bb   Thumb Code     6  basic.o(x$fpl$basic)
    _dabs                                    0x080089c1   Thumb Code     6  basic.o(x$fpl$basic)
    _fabs                                    0x080089c7   Thumb Code     6  basic.o(x$fpl$basic)
    __aeabi_d2f                              0x080089cd   Thumb Code     0  d2f_clz.o(x$fpl$d2f)
    _d2f                                     0x080089cd   Thumb Code   700  d2f_clz.o(x$fpl$d2f)
    __aeabi_dadd                             0x08008c91   Thumb Code     0  daddsub_clz.o(x$fpl$dadd)
    _dadd                                    0x08008c91   Thumb Code   580  daddsub_clz.o(x$fpl$dadd)
    __aeabi_ddiv                             0x08008edd   Thumb Code     0  ddiv_clz.o(x$fpl$ddiv)
    _ddiv                                    0x08008edd   Thumb Code   748  ddiv_clz.o(x$fpl$ddiv)
    __dflt_normalise                         0x08009259   Thumb Code    26  dflt_clz.o(x$fpl$dfltn)
    __aeabi_dmul                             0x08009275   Thumb Code     0  dmul_clz.o(x$fpl$dmul)
    _dmul                                    0x08009275   Thumb Code   440  dmul_clz.o(x$fpl$dmul)
    __fpl_dnaninf                            0x08009435   Thumb Code   258  dnaninf.o(x$fpl$dnaninf)
    __fpl_drenorm2                           0x08009537   Thumb Code   106  drenorm_clz.o(x$fpl$drenorm)
    __fpl_drenorm1                           0x080095a1   Thumb Code     6  drenorm_clz.o(x$fpl$drenorm)
    __fpl_dretinf                            0x080095a7   Thumb Code    12  dretinf.o(x$fpl$dretinf)
    __aeabi_drsub                            0x080095b5   Thumb Code     0  daddsub_clz.o(x$fpl$drsb)
    _drsb                                    0x080095b5   Thumb Code    74  daddsub_clz.o(x$fpl$drsb)
    _dsqrt                                   0x08009605   Thumb Code   520  dsqrt_umaalclz.o(x$fpl$dsqrt)
    __aeabi_dsub                             0x0800980d   Thumb Code     0  daddsub_clz.o(x$fpl$dsub)
    _dsub                                    0x0800980d   Thumb Code   664  daddsub_clz.o(x$fpl$dsub)
    __dunder                                 0x08009aa9   Thumb Code   314  dunder_clz.o(x$fpl$dunder)
    __dunder_d                               0x08009be3   Thumb Code    64  dunder_clz.o(x$fpl$dunder)
    __fpl_exception                          0x08009c25   Thumb Code   454  except.o(x$fpl$exception)
    __aeabi_f2d                              0x08009e11   Thumb Code     0  f2d.o(x$fpl$f2d)
    _f2d                                     0x08009e11   Thumb Code   122  f2d.o(x$fpl$f2d)
    __fpl_fnaninf                            0x08009e8b   Thumb Code   242  fnaninf.o(x$fpl$fnaninf)
    _fp_init                                 0x08009f7d   Thumb Code    10  fpinit.o(x$fpl$fpinit)
    __fplib_config_fpu_vfp                   0x08009f85   Thumb Code     0  fpinit.o(x$fpl$fpinit)
    __fplib_config_pureend_doubles           0x08009f85   Thumb Code     0  fpinit.o(x$fpl$fpinit)
    __fpl_fretinf                            0x08009f87   Thumb Code    10  fretinf.o(x$fpl$fretinf)
    __funder                                 0x08009f91   Thumb Code   254  funder_clz.o(x$fpl$funder)
    __funder_d                               0x0800a08f   Thumb Code    62  funder_clz.o(x$fpl$funder)
    __fpl_return_NaN                         0x0800a0cd   Thumb Code   178  retnan.o(x$fpl$retnan)
    _fp_trapveneer                           0x0800a17f   Thumb Code    36  trapv.o(x$fpl$trapveneer)
    __fpl_cmpreturn                          0x0800a1a3   Thumb Code    90  trapv.o(x$fpl$trapveneer)
    __I$use$fp                               0x0800a1fc   Number         0  usenofp.o(x$fpl$usenofp)
    AHBPrescTable                            0x0800a2c8   Data          16  system_stm32f4xx.o(.constdata)
    APBPrescTable                            0x0800a2d8   Data           8  system_stm32f4xx.o(.constdata)
    sinTable_f32                             0x0800a324   Data        2052  arm_common_tables.o(.constdata)
    Region$$Table$$Base                      0x0800ac74   Number         0  anon$$obj.o(Region$$Table)
    Region$$Table$$Limit                     0x0800ac94   Number         0  anon$$obj.o(Region$$Table)
    chassisTaskHandle                        0x20000000   Data           4  freertos.o(.data)
    pcinfotaskHandle                         0x20000004   Data           4  freertos.o(.data)
    AircontroltaskHandle                     0x20000008   Data           4  freertos.o(.data)
    AcommunicatetaskHandle                   0x2000000c   Data           4  freertos.o(.data)
    ArmzerotaskHandle                        0x20000010   Data           4  freertos.o(.data)
    defaultTaskHandle                        0x20000014   Data           4  freertos.o(.data)
    ArmcontroltaskHandle                     0x20000018   Data           4  freertos.o(.data)
    uwTickFreq                               0x20000020   Data           1  stm32f4xx_hal.o(.data)
    uwTickPrio                               0x20000024   Data           4  stm32f4xx_hal.o(.data)
    uwTick                                   0x20000028   Data           4  stm32f4xx_hal.o(.data)
    SystemCoreClock                          0x2000002c   Data           4  system_stm32f4xx.o(.data)
    pxCurrentTCB                             0x20000030   Data           4  tasks.o(.data)
    USART2_RX_STA                            0x200000ac   Data           2  bsp_usart.o(.data)
    stcTime                                  0x200000b2   Data           8  bsp_gyro.o(.data)
    stcAcc                                   0x200000ba   Data           8  bsp_gyro.o(.data)
    stcGyro                                  0x200000c2   Data           8  bsp_gyro.o(.data)
    stcAngle                                 0x200000ca   Data           8  bsp_gyro.o(.data)
    stcMag                                   0x200000d2   Data           8  bsp_gyro.o(.data)
    stcDStatus                               0x200000da   Data           8  bsp_gyro.o(.data)
    stcPress                                 0x200000e4   Data           8  bsp_gyro.o(.data)
    stcLonLat                                0x200000ec   Data           8  bsp_gyro.o(.data)
    stcGPSV                                  0x200000f4   Data           8  bsp_gyro.o(.data)
    CRC_32                                   0x200000fc   Data           4  bsp_rs485.o(.data)
    chassis_behaviour_mode                   0x20000111   Data           1  chassis_behaviour.o(.data)
    chassis_behaviour_flag                   0x20000112   Data           1  chassis_behaviour.o(.data)
    chassis_high_water                       0x20000114   Data           4  chassis_task.o(.data)
    key_RC                                   0x20000118   Data           4  keyboard.o(.data)
    chassis_clock_flag                       0x20000120   Data           1  air_control_task.o(.data)
    picture_position_flag                    0x20000121   Data           1  air_control_task.o(.data)
    sucker_flag                              0x20000122   Data           1  air_control_task.o(.data)
    power_flag                               0x20000123   Data           1  air_control_task.o(.data)
    mode_control_flag                        0x20000124   Data           1  air_control_task.o(.data)
    servo_1_pwm_out                          0x20000126   Data           2  air_control_task.o(.data)
    servo_2_pwm_out                          0x20000128   Data           2  air_control_task.o(.data)
    servo_1_temp                             0x2000012c   Data           4  air_control_task.o(.data)
    servo_2_temp                             0x20000130   Data           4  air_control_task.o(.data)
    is_right_position                        0x20000134   Data           1  a_communicate_task.o(.data)
    key_message                              0x20000135   Data           1  a_communicate_task.o(.data)
    receive_flag                             0x20000136   Data           1  a_communicate_task.o(.data)
    which_key_press                          0x20000137   Data           1  a_communicate_task.o(.data)
    ch_message                               0x20000138   Data           2  a_communicate_task.o(.data)
    receive_calculate                        0x2000013a   Data           2  a_communicate_task.o(.data)
    arm_4_observe                            0x2000013c   Data           4  a_communicate_task.o(.data)
    arm_5_observe                            0x20000140   Data           4  a_communicate_task.o(.data)
    motor_angle_init                         0x20000144   Data           4  arm_zero_task.o(.data)
    motor_angle_set                          0x20000148   Data           4  arm_zero_task.o(.data)
    arm_move_flag                            0x2000014c   Data           1  arm_control_task.o(.data)
    catch_silver_flag                        0x2000014d   Data           1  arm_control_task.o(.data)
    get_ore_flag                             0x2000014e   Data           1  arm_control_task.o(.data)
    catch_silver_1_flag                      0x2000014f   Data           1  arm_control_task.o(.data)
    rotete_1_flag                            0x20000150   Data           1  arm_control_task.o(.data)
    observe_flag                             0x20000151   Data           1  arm_control_task.o(.data)
    zero_exchange_flag                       0x20000152   Data           1  arm_control_task.o(.data)
    move_calculate_flag                      0x20000154   Data           2  arm_control_task.o(.data)
    position_x                               0x20000158   Data           4  arm_control_task.o(.data)
    position_z                               0x2000015c   Data           4  arm_control_task.o(.data)
    arm_2_compansate                         0x20000160   Data           4  arm_control_task.o(.data)
    arm_3_compansate                         0x20000164   Data           4  arm_control_task.o(.data)
    arm_4_compansate                         0x20000168   Data           4  arm_control_task.o(.data)
    arm_5_compansate                         0x2000016c   Data           4  arm_control_task.o(.data)
    arm_6_compansate                         0x20000170   Data           4  arm_control_task.o(.data)
    arm_5_temp                               0x20000174   Data           4  arm_control_task.o(.data)
    arm_2_set                                0x20000178   Data           4  arm_control_task.o(.data)
    arm_3_set                                0x2000017c   Data           4  arm_control_task.o(.data)
    hcan1                                    0x20000828   Data          40  can.o(.bss)
    hcan2                                    0x20000850   Data          40  can.o(.bss)
    htim2                                    0x20000878   Data          72  tim.o(.bss)
    htim4                                    0x200008c0   Data          72  tim.o(.bss)
    htim12                                   0x20000908   Data          72  tim.o(.bss)
    huart4                                   0x20000950   Data          68  usart.o(.bss)
    huart5                                   0x20000994   Data          68  usart.o(.bss)
    huart7                                   0x200009d8   Data          68  usart.o(.bss)
    huart8                                   0x20000a1c   Data          68  usart.o(.bss)
    huart1                                   0x20000a60   Data          68  usart.o(.bss)
    huart2                                   0x20000aa4   Data          68  usart.o(.bss)
    huart6                                   0x20000ae8   Data          68  usart.o(.bss)
    hdma_usart1_rx                           0x20000b2c   Data          96  usart.o(.bss)
    hdma_usart2_rx                           0x20000b8c   Data          96  usart.o(.bss)
    hdma_usart2_tx                           0x20000bec   Data          96  usart.o(.bss)
    hdma_usart6_rx                           0x20000c4c   Data          96  usart.o(.bss)
    hdma_usart6_tx                           0x20000cac   Data          96  usart.o(.bss)
    xQueueRegistry                           0x20000d0c   Data          64  queue.o(.bss)
    USART2_RX_BUF                            0x20006f24   Data         100  bsp_usart.o(.bss)
    RxBuffer_1                               0x20007082   Data          78  bsp_rs485.o(.bss)
    MOTOR_SEND_BUF_0                         0x200070d0   Data          34  bsp_rs485.o(.bss)
    motor_3508                               0x200070f4   Data          40  can_receive.o(.bss)
    motor_2006                               0x2000711c   Data          40  can_receive.o(.bss)
    chassis_move                             0x20007174   Data         716  chassis_task.o(.bss)
    all_key                                  0x20007440   Data         150  keyboard.o(.bss)
    rc_ctrl                                  0x200074d6   Data          36  remote_control.o(.bss)
    pc_send_msg                              0x20007542   Data          30  pc_info_task.o(.bss)
    pc_receive_msg                           0x20007560   Data          33  pc_info_task.o(.bss)
    PC_SEND_BUF                              0x20007581   Data          31  pc_info_task.o(.bss)
    tx_message                               0x200075a0   Data          30  a_communicate_task.o(.bss)
    rx_message                               0x200075be   Data          27  a_communicate_task.o(.bss)
    rx_motor_position                        0x200075dc   Data          20  a_communicate_task.o(.bss)
    arm_move                                 0x200075f0   Data         288  arm_zero_task.o(.bss)
    arm_control                              0x20007710   Data          20  arm_control_task.o(.bss)
    __libspace_start                         0x20007724   Data          96  libspace.o(.bss)
    __temporary_stack_top$libspace           0x20007784   Data           0  libspace.o(.bss)



==============================================================================

Memory Map of the image

  Image Entry point : 0x080001ad

  Load Region LR_IROM1 (Base: 0x08000000, Size: 0x0000ae14, Max: 0x00200000, ABSOLUTE, COMPRESSED[0x0000aca4])

    Execution Region ER_IROM1 (Exec base: 0x08000000, Load base: 0x08000000, Size: 0x0000ac94, Max: 0x00200000, ABSOLUTE)

    Exec Addr    Load Addr    Size         Type   Attr      Idx    E Section Name        Object

    0x08000000   0x08000000   0x000001ac   Data   RO            3    RESET               startup_stm32f427xx.o
    0x080001ac   0x080001ac   0x00000008   Code   RO         7483  * !!!main             c_w.l(__main.o)
    0x080001b4   0x080001b4   0x00000034   Code   RO         7953    !!!scatter          c_w.l(__scatter.o)
    0x080001e8   0x080001e8   0x0000003a   Code   RO         7951    !!dczerorl          c_w.l(__dczerorl.o)
    0x08000222   0x08000222   0x00000002   PAD
    0x08000224   0x08000224   0x0000001c   Code   RO         7955    !!handler_zi        c_w.l(__scatter_zi.o)
    0x08000240   0x08000240   0x00000002   Code   RO         7892    .ARM.Collect$$libinit$$00000000  c_w.l(libinit.o)
    0x08000242   0x08000242   0x00000004   Code   RO         7654    .ARM.Collect$$libinit$$00000001  c_w.l(libinit2.o)
    0x08000246   0x08000246   0x00000000   Code   RO         7657    .ARM.Collect$$libinit$$00000004  c_w.l(libinit2.o)
    0x08000246   0x08000246   0x00000000   Code   RO         7660    .ARM.Collect$$libinit$$0000000A  c_w.l(libinit2.o)
    0x08000246   0x08000246   0x00000000   Code   RO         7662    .ARM.Collect$$libinit$$0000000C  c_w.l(libinit2.o)
    0x08000246   0x08000246   0x00000000   Code   RO         7664    .ARM.Collect$$libinit$$0000000E  c_w.l(libinit2.o)
    0x08000246   0x08000246   0x00000000   Code   RO         7667    .ARM.Collect$$libinit$$00000011  c_w.l(libinit2.o)
    0x08000246   0x08000246   0x00000000   Code   RO         7669    .ARM.Collect$$libinit$$00000013  c_w.l(libinit2.o)
    0x08000246   0x08000246   0x00000000   Code   RO         7671    .ARM.Collect$$libinit$$00000015  c_w.l(libinit2.o)
    0x08000246   0x08000246   0x00000000   Code   RO         7673    .ARM.Collect$$libinit$$00000017  c_w.l(libinit2.o)
    0x08000246   0x08000246   0x00000000   Code   RO         7675    .ARM.Collect$$libinit$$00000019  c_w.l(libinit2.o)
    0x08000246   0x08000246   0x00000000   Code   RO         7677    .ARM.Collect$$libinit$$0000001B  c_w.l(libinit2.o)
    0x08000246   0x08000246   0x00000000   Code   RO         7679    .ARM.Collect$$libinit$$0000001D  c_w.l(libinit2.o)
    0x08000246   0x08000246   0x00000000   Code   RO         7681    .ARM.Collect$$libinit$$0000001F  c_w.l(libinit2.o)
    0x08000246   0x08000246   0x00000000   Code   RO         7683    .ARM.Collect$$libinit$$00000021  c_w.l(libinit2.o)
    0x08000246   0x08000246   0x00000000   Code   RO         7685    .ARM.Collect$$libinit$$00000023  c_w.l(libinit2.o)
    0x08000246   0x08000246   0x00000000   Code   RO         7687    .ARM.Collect$$libinit$$00000025  c_w.l(libinit2.o)
    0x08000246   0x08000246   0x00000000   Code   RO         7691    .ARM.Collect$$libinit$$0000002C  c_w.l(libinit2.o)
    0x08000246   0x08000246   0x00000000   Code   RO         7693    .ARM.Collect$$libinit$$0000002E  c_w.l(libinit2.o)
    0x08000246   0x08000246   0x00000000   Code   RO         7695    .ARM.Collect$$libinit$$00000030  c_w.l(libinit2.o)
    0x08000246   0x08000246   0x00000000   Code   RO         7697    .ARM.Collect$$libinit$$00000032  c_w.l(libinit2.o)
    0x08000246   0x08000246   0x00000002   Code   RO         7698    .ARM.Collect$$libinit$$00000033  c_w.l(libinit2.o)
    0x08000248   0x08000248   0x00000002   Code   RO         7948    .ARM.Collect$$libshutdown$$00000000  c_w.l(libshutdown.o)
    0x0800024a   0x0800024a   0x00000000   Code   RO         7906    .ARM.Collect$$libshutdown$$00000002  c_w.l(libshutdown2.o)
    0x0800024a   0x0800024a   0x00000000   Code   RO         7908    .ARM.Collect$$libshutdown$$00000004  c_w.l(libshutdown2.o)
    0x0800024a   0x0800024a   0x00000000   Code   RO         7910    .ARM.Collect$$libshutdown$$00000006  c_w.l(libshutdown2.o)
    0x0800024a   0x0800024a   0x00000000   Code   RO         7913    .ARM.Collect$$libshutdown$$00000009  c_w.l(libshutdown2.o)
    0x0800024a   0x0800024a   0x00000000   Code   RO         7916    .ARM.Collect$$libshutdown$$0000000C  c_w.l(libshutdown2.o)
    0x0800024a   0x0800024a   0x00000000   Code   RO         7918    .ARM.Collect$$libshutdown$$0000000E  c_w.l(libshutdown2.o)
    0x0800024a   0x0800024a   0x00000000   Code   RO         7921    .ARM.Collect$$libshutdown$$00000011  c_w.l(libshutdown2.o)
    0x0800024a   0x0800024a   0x00000002   Code   RO         7922    .ARM.Collect$$libshutdown$$00000012  c_w.l(libshutdown2.o)
    0x0800024c   0x0800024c   0x00000000   Code   RO         7615    .ARM.Collect$$rtentry$$00000000  c_w.l(__rtentry.o)
    0x0800024c   0x0800024c   0x00000000   Code   RO         7773    .ARM.Collect$$rtentry$$00000002  c_w.l(__rtentry2.o)
    0x0800024c   0x0800024c   0x00000006   Code   RO         7785    .ARM.Collect$$rtentry$$00000004  c_w.l(__rtentry4.o)
    0x08000252   0x08000252   0x00000000   Code   RO         7775    .ARM.Collect$$rtentry$$00000009  c_w.l(__rtentry2.o)
    0x08000252   0x08000252   0x00000004   Code   RO         7776    .ARM.Collect$$rtentry$$0000000A  c_w.l(__rtentry2.o)
    0x08000256   0x08000256   0x00000000   Code   RO         7778    .ARM.Collect$$rtentry$$0000000C  c_w.l(__rtentry2.o)
    0x08000256   0x08000256   0x00000008   Code   RO         7779    .ARM.Collect$$rtentry$$0000000D  c_w.l(__rtentry2.o)
    0x0800025e   0x0800025e   0x00000002   Code   RO         7893    .ARM.Collect$$rtexit$$00000000  c_w.l(rtexit.o)
    0x08000260   0x08000260   0x00000000   Code   RO         7924    .ARM.Collect$$rtexit$$00000002  c_w.l(rtexit2.o)
    0x08000260   0x08000260   0x00000004   Code   RO         7925    .ARM.Collect$$rtexit$$00000003  c_w.l(rtexit2.o)
    0x08000264   0x08000264   0x00000006   Code   RO         7926    .ARM.Collect$$rtexit$$00000004  c_w.l(rtexit2.o)
    0x0800026a   0x0800026a   0x00000002   PAD
    0x0800026c   0x0800026c   0x000000be   Code   RO         5287    .emb_text           port.o
    0x0800032a   0x0800032a   0x00000002   PAD
    0x0800032c   0x0800032c   0x00000040   Code   RO            4    .text               startup_stm32f427xx.o
    0x0800036c   0x0800036c   0x00000078   Code   RO         7215    .text               arm_cortexM4lf_math.lib(arm_cos_f32.o)
    0x080003e4   0x080003e4   0x00000074   Code   RO         7268    .text               arm_cortexM4lf_math.lib(arm_sin_f32.o)
    0x08000458   0x08000458   0x00000002   Code   RO         7373    .text               c_w.l(use_no_semi_2.o)
    0x0800045a   0x0800045a   0x000000ee   Code   RO         7437    .text               c_w.l(lludivv7m.o)
    0x08000548   0x08000548   0x0000008a   Code   RO         7469    .text               c_w.l(rt_memcpy_v6.o)
    0x080005d2   0x080005d2   0x00000064   Code   RO         7471    .text               c_w.l(rt_memcpy_w.o)
    0x08000636   0x08000636   0x00000010   Code   RO         7475    .text               c_w.l(aeabi_memset.o)
    0x08000646   0x08000646   0x00000044   Code   RO         7477    .text               c_w.l(rt_memclr.o)
    0x0800068a   0x0800068a   0x0000004e   Code   RO         7479    .text               c_w.l(rt_memclr_w.o)
    0x080006d8   0x080006d8   0x00000006   Code   RO         7481    .text               c_w.l(heapauxi.o)
    0x080006de   0x080006de   0x00000002   Code   RO         7611    .text               c_w.l(use_no_semi.o)
    0x080006e0   0x080006e0   0x00000016   Code   RO         7645    .text               c_w.l(_rserrno.o)
    0x080006f6   0x080006f6   0x00000002   PAD
    0x080006f8   0x080006f8   0x00000008   Code   RO         7769    .text               c_w.l(libspace.o)
    0x08000700   0x08000700   0x00000008   Code   RO         7797    .text               c_w.l(rt_errno_addr_intlibspace.o)
    0x08000708   0x08000708   0x00000030   Code   RO         7809    .text               c_w.l(_fptrap.o)
    0x08000738   0x08000738   0x0000004a   Code   RO         7863    .text               c_w.l(sys_stackheap_outer.o)
    0x08000782   0x08000782   0x00000012   Code   RO         7871    .text               c_w.l(exit.o)
    0x08000794   0x08000794   0x0000000a   Code   RO         7873    .text               c_w.l(defsig_exit.o)
    0x0800079e   0x0800079e   0x0000000e   Code   RO         7875    .text               c_w.l(defsig_fpe_outer.o)
    0x080007ac   0x080007ac   0x00000032   Code   RO         7901    .text               c_w.l(defsig_general.o)
    0x080007de   0x080007de   0x00000002   PAD
    0x080007e0   0x080007e0   0x000000ac   Code   RO         7903    .text               c_w.l(defsig_fpe_inner.o)
    0x0800088c   0x0800088c   0x00000098   Code   RO         6510    i.A_A_TXcode        a_communicate_task.o
    0x08000924   0x08000924   0x00000058   Code   RO         6511    i.A_A_init          a_communicate_task.o
    0x0800097c   0x0800097c   0x00000140   Code   RO         6512    i.A_communicate_task  a_communicate_task.o
    0x08000abc   0x08000abc   0x00000002   Code   RO          845    i.BusFault_Handler  stm32f4xx_it.o
    0x08000abe   0x08000abe   0x00000002   PAD
    0x08000ac0   0x08000ac0   0x0000000c   Code   RO          846    i.CAN1_RX0_IRQHandler  stm32f4xx_it.o
    0x08000acc   0x08000acc   0x0000000c   Code   RO          847    i.CAN2_RX0_IRQHandler  stm32f4xx_it.o
    0x08000ad8   0x08000ad8   0x00000048   Code   RO         5799    i.CAN_cmd_chassis   can_receive.o
    0x08000b20   0x08000b20   0x000000c0   Code   RO         5621    i.CopeSerial8Data   bsp_gyro.o
    0x08000be0   0x08000be0   0x0000000c   Code   RO          848    i.DMA1_Stream5_IRQHandler  stm32f4xx_it.o
    0x08000bec   0x08000bec   0x0000000c   Code   RO          849    i.DMA1_Stream6_IRQHandler  stm32f4xx_it.o
    0x08000bf8   0x08000bf8   0x0000000c   Code   RO          850    i.DMA2_Stream1_IRQHandler  stm32f4xx_it.o
    0x08000c04   0x08000c04   0x0000000c   Code   RO          851    i.DMA2_Stream2_IRQHandler  stm32f4xx_it.o
    0x08000c10   0x08000c10   0x0000000c   Code   RO          852    i.DMA2_Stream6_IRQHandler  stm32f4xx_it.o
    0x08000c1c   0x08000c1c   0x00000028   Code   RO         1756    i.DMA_CalcBaseAndBitshift  stm32f4xx_hal_dma.o
    0x08000c44   0x08000c44   0x00000054   Code   RO         1757    i.DMA_CheckFifoParam  stm32f4xx_hal_dma.o
    0x08000c98   0x08000c98   0x00000028   Code   RO         1758    i.DMA_SetConfig     stm32f4xx_hal_dma.o
    0x08000cc0   0x08000cc0   0x00000002   Code   RO          853    i.DebugMon_Handler  stm32f4xx_it.o
    0x08000cc2   0x08000cc2   0x00000004   Code   RO           13    i.Error_Handler     main.o
    0x08000cc6   0x08000cc6   0x00000024   Code   RO         1012    i.HAL_CAN_ActivateNotification  stm32f4xx_hal_can.o
    0x08000cea   0x08000cea   0x000000dc   Code   RO         1013    i.HAL_CAN_AddTxMessage  stm32f4xx_hal_can.o
    0x08000dc6   0x08000dc6   0x00000002   PAD
    0x08000dc8   0x08000dc8   0x0000010c   Code   RO         1014    i.HAL_CAN_ConfigFilter  stm32f4xx_hal_can.o
    0x08000ed4   0x08000ed4   0x00000002   Code   RO         1017    i.HAL_CAN_ErrorCallback  stm32f4xx_hal_can.o
    0x08000ed6   0x08000ed6   0x000000e8   Code   RO         1020    i.HAL_CAN_GetRxMessage  stm32f4xx_hal_can.o
    0x08000fbe   0x08000fbe   0x000001fc   Code   RO         1024    i.HAL_CAN_IRQHandler  stm32f4xx_hal_can.o
    0x080011ba   0x080011ba   0x0000011a   Code   RO         1025    i.HAL_CAN_Init      stm32f4xx_hal_can.o
    0x080012d4   0x080012d4   0x000000fc   Code   RO          609    i.HAL_CAN_MspInit   can.o
    0x080013d0   0x080013d0   0x00000002   Code   RO         1032    i.HAL_CAN_RxFifo0FullCallback  stm32f4xx_hal_can.o
    0x080013d2   0x080013d2   0x00000002   PAD
    0x080013d4   0x080013d4   0x00000074   Code   RO         5801    i.HAL_CAN_RxFifo0MsgPendingCallback  can_receive.o
    0x08001448   0x08001448   0x00000002   Code   RO         1034    i.HAL_CAN_RxFifo1FullCallback  stm32f4xx_hal_can.o
    0x0800144a   0x0800144a   0x00000002   Code   RO         1035    i.HAL_CAN_RxFifo1MsgPendingCallback  stm32f4xx_hal_can.o
    0x0800144c   0x0800144c   0x00000002   Code   RO         1036    i.HAL_CAN_SleepCallback  stm32f4xx_hal_can.o
    0x0800144e   0x0800144e   0x00000002   PAD
    0x08001450   0x08001450   0x00000058   Code   RO         1037    i.HAL_CAN_Start     stm32f4xx_hal_can.o
    0x080014a8   0x080014a8   0x00000002   Code   RO         1039    i.HAL_CAN_TxMailbox0AbortCallback  stm32f4xx_hal_can.o
    0x080014aa   0x080014aa   0x00000002   Code   RO         1040    i.HAL_CAN_TxMailbox0CompleteCallback  stm32f4xx_hal_can.o
    0x080014ac   0x080014ac   0x00000002   Code   RO         1041    i.HAL_CAN_TxMailbox1AbortCallback  stm32f4xx_hal_can.o
    0x080014ae   0x080014ae   0x00000002   Code   RO         1042    i.HAL_CAN_TxMailbox1CompleteCallback  stm32f4xx_hal_can.o
    0x080014b0   0x080014b0   0x00000002   Code   RO         1043    i.HAL_CAN_TxMailbox2AbortCallback  stm32f4xx_hal_can.o
    0x080014b2   0x080014b2   0x00000002   Code   RO         1044    i.HAL_CAN_TxMailbox2CompleteCallback  stm32f4xx_hal_can.o
    0x080014b4   0x080014b4   0x00000002   Code   RO         1046    i.HAL_CAN_WakeUpFromRxMsgCallback  stm32f4xx_hal_can.o
    0x080014b6   0x080014b6   0x00000092   Code   RO         1759    i.HAL_DMA_Abort     stm32f4xx_hal_dma.o
    0x08001548   0x08001548   0x00000024   Code   RO         1760    i.HAL_DMA_Abort_IT  stm32f4xx_hal_dma.o
    0x0800156c   0x0800156c   0x000001a0   Code   RO         1764    i.HAL_DMA_IRQHandler  stm32f4xx_hal_dma.o
    0x0800170c   0x0800170c   0x000000d4   Code   RO         1765    i.HAL_DMA_Init      stm32f4xx_hal_dma.o
    0x080017e0   0x080017e0   0x00000046   Code   RO         1768    i.HAL_DMA_Start     stm32f4xx_hal_dma.o
    0x08001826   0x08001826   0x0000006e   Code   RO         1769    i.HAL_DMA_Start_IT  stm32f4xx_hal_dma.o
    0x08001894   0x08001894   0x00000234   Code   RO         1652    i.HAL_GPIO_Init     stm32f4xx_hal_gpio.o
    0x08001ac8   0x08001ac8   0x0000000a   Code   RO         1656    i.HAL_GPIO_WritePin  stm32f4xx_hal_gpio.o
    0x08001ad2   0x08001ad2   0x00000002   PAD
    0x08001ad4   0x08001ad4   0x0000000c   Code   RO         2204    i.HAL_GetTick       stm32f4xx_hal.o
    0x08001ae0   0x08001ae0   0x00000010   Code   RO         2210    i.HAL_IncTick       stm32f4xx_hal.o
    0x08001af0   0x08001af0   0x00000040   Code   RO         2212    i.HAL_InitTick      stm32f4xx_hal.o
    0x08001b30   0x08001b30   0x0000001a   Code   RO         2059    i.HAL_NVIC_EnableIRQ  stm32f4xx_hal_cortex.o
    0x08001b4a   0x08001b4a   0x00000002   PAD
    0x08001b4c   0x08001b4c   0x00000040   Code   RO         2065    i.HAL_NVIC_SetPriority  stm32f4xx_hal_cortex.o
    0x08001b8c   0x08001b8c   0x00000134   Code   RO         1246    i.HAL_RCC_ClockConfig  stm32f4xx_hal_rcc.o
    0x08001cc0   0x08001cc0   0x00000020   Code   RO         1253    i.HAL_RCC_GetPCLK1Freq  stm32f4xx_hal_rcc.o
    0x08001ce0   0x08001ce0   0x00000020   Code   RO         1254    i.HAL_RCC_GetPCLK2Freq  stm32f4xx_hal_rcc.o
    0x08001d00   0x08001d00   0x00000064   Code   RO         1255    i.HAL_RCC_GetSysClockFreq  stm32f4xx_hal_rcc.o
    0x08001d64   0x08001d64   0x0000036c   Code   RO         1258    i.HAL_RCC_OscConfig  stm32f4xx_hal_rcc.o
    0x080020d0   0x080020d0   0x00000028   Code   RO         2070    i.HAL_SYSTICK_Config  stm32f4xx_hal_cortex.o
    0x080020f8   0x080020f8   0x00000090   Code   RO         3184    i.HAL_TIMEx_MasterConfigSynchronization  stm32f4xx_hal_tim_ex.o
    0x08002188   0x08002188   0x0000005a   Code   RO         2461    i.HAL_TIM_Base_Init  stm32f4xx_hal_tim.o
    0x080021e2   0x080021e2   0x00000002   PAD
    0x080021e4   0x080021e4   0x00000058   Code   RO          685    i.HAL_TIM_Base_MspInit  tim.o
    0x0800223c   0x0800223c   0x00000078   Code   RO         2464    i.HAL_TIM_Base_Start  stm32f4xx_hal_tim.o
    0x080022b4   0x080022b4   0x000000dc   Code   RO         2470    i.HAL_TIM_ConfigClockSource  stm32f4xx_hal_tim.o
    0x08002390   0x08002390   0x000000b0   Code   RO          686    i.HAL_TIM_MspPostInit  tim.o
    0x08002440   0x08002440   0x000000cc   Code   RO         2533    i.HAL_TIM_PWM_ConfigChannel  stm32f4xx_hal_tim.o
    0x0800250c   0x0800250c   0x0000005a   Code   RO         2536    i.HAL_TIM_PWM_Init  stm32f4xx_hal_tim.o
    0x08002566   0x08002566   0x00000002   Code   RO         2538    i.HAL_TIM_PWM_MspInit  stm32f4xx_hal_tim.o
    0x08002568   0x08002568   0x000000c8   Code   RO         2541    i.HAL_TIM_PWM_Start  stm32f4xx_hal_tim.o
    0x08002630   0x08002630   0x00000002   Code   RO         3443    i.HAL_UARTEx_RxEventCallback  stm32f4xx_hal_uart.o
    0x08002632   0x08002632   0x00000002   Code   RO         3457    i.HAL_UART_ErrorCallback  stm32f4xx_hal_uart.o
    0x08002634   0x08002634   0x00000268   Code   RO         3460    i.HAL_UART_IRQHandler  stm32f4xx_hal_uart.o
    0x0800289c   0x0800289c   0x00000062   Code   RO         3461    i.HAL_UART_Init     stm32f4xx_hal_uart.o
    0x080028fe   0x080028fe   0x00000002   PAD
    0x08002900   0x08002900   0x0000037c   Code   RO          745    i.HAL_UART_MspInit  usart.o
    0x08002c7c   0x08002c7c   0x0000002a   Code   RO         3465    i.HAL_UART_Receive_DMA  stm32f4xx_hal_uart.o
    0x08002ca6   0x08002ca6   0x00000002   Code   RO         3467    i.HAL_UART_RxCpltCallback  stm32f4xx_hal_uart.o
    0x08002ca8   0x08002ca8   0x00000002   Code   RO         3468    i.HAL_UART_RxHalfCpltCallback  stm32f4xx_hal_uart.o
    0x08002caa   0x08002caa   0x00000002   PAD
    0x08002cac   0x08002cac   0x000000b2   Code   RO         3469    i.HAL_UART_Transmit  stm32f4xx_hal_uart.o
    0x08002d5e   0x08002d5e   0x00000002   PAD
    0x08002d60   0x08002d60   0x0000008c   Code   RO         3470    i.HAL_UART_Transmit_DMA  stm32f4xx_hal_uart.o
    0x08002dec   0x08002dec   0x00000002   Code   RO         3472    i.HAL_UART_TxCpltCallback  stm32f4xx_hal_uart.o
    0x08002dee   0x08002dee   0x00000002   Code   RO         3473    i.HAL_UART_TxHalfCpltCallback  stm32f4xx_hal_uart.o
    0x08002df0   0x08002df0   0x00000002   Code   RO          854    i.HardFault_Handler  stm32f4xx_it.o
    0x08002df2   0x08002df2   0x00000002   PAD
    0x08002df4   0x08002df4   0x00000044   Code   RO          610    i.MX_CAN1_Init      can.o
    0x08002e38   0x08002e38   0x00000044   Code   RO          611    i.MX_CAN2_Init      can.o
    0x08002e7c   0x08002e7c   0x0000007c   Code   RO          657    i.MX_DMA_Init       dma.o
    0x08002ef8   0x08002ef8   0x000000ac   Code   RO          354    i.MX_FREERTOS_Init  freertos.o
    0x08002fa4   0x08002fa4   0x00000160   Code   RO          234    i.MX_GPIO_Init      gpio.o
    0x08003104   0x08003104   0x00000080   Code   RO          687    i.MX_TIM12_Init     tim.o
    0x08003184   0x08003184   0x000000a4   Code   RO          688    i.MX_TIM2_Init      tim.o
    0x08003228   0x08003228   0x000000c8   Code   RO          689    i.MX_TIM4_Init      tim.o
    0x080032f0   0x080032f0   0x00000038   Code   RO          746    i.MX_UART4_Init     usart.o
    0x08003328   0x08003328   0x00000038   Code   RO          747    i.MX_UART5_Init     usart.o
    0x08003360   0x08003360   0x00000038   Code   RO          748    i.MX_UART7_Init     usart.o
    0x08003398   0x08003398   0x00000038   Code   RO          749    i.MX_UART8_Init     usart.o
    0x080033d0   0x080033d0   0x00000040   Code   RO          750    i.MX_USART1_UART_Init  usart.o
    0x08003410   0x08003410   0x00000038   Code   RO          751    i.MX_USART2_UART_Init  usart.o
    0x08003448   0x08003448   0x0000003c   Code   RO          752    i.MX_USART6_UART_Init  usart.o
    0x08003484   0x08003484   0x00000002   Code   RO          855    i.MemManage_Handler  stm32f4xx_it.o
    0x08003486   0x08003486   0x00000002   Code   RO          856    i.NMI_Handler       stm32f4xx_it.o
    0x08003488   0x08003488   0x00000128   Code   RO         6921    i.PID_calc          pid.o
    0x080035b0   0x080035b0   0x0000005c   Code   RO         6923    i.PID_init          pid.o
    0x0800360c   0x0800360c   0x00000060   Code   RO         5536    i.RC_init           bsp_rc.o
    0x0800366c   0x0800366c   0x0000002c   Code   RO         5746    i.Sign              td.o
    0x08003698   0x08003698   0x00000008   Code   RO          355    i.StartDefaultTask  freertos.o
    0x080036a0   0x080036a0   0x00000018   Code   RO          857    i.SysTick_Handler   stm32f4xx_it.o
    0x080036b8   0x080036b8   0x00000094   Code   RO           14    i.SystemClock_Config  main.o
    0x0800374c   0x0800374c   0x00000010   Code   RO         3790    i.SystemInit        system_stm32f4xx.o
    0x0800375c   0x0800375c   0x00000148   Code   RO         5747    i.TD_calc           td.o
    0x080038a4   0x080038a4   0x00000024   Code   RO         5748    i.TD_init           td.o
    0x080038c8   0x080038c8   0x000000c8   Code   RO         2554    i.TIM_Base_SetConfig  stm32f4xx_hal_tim.o
    0x08003990   0x08003990   0x0000001a   Code   RO         2555    i.TIM_CCxChannelCmd  stm32f4xx_hal_tim.o
    0x080039aa   0x080039aa   0x00000014   Code   RO         2565    i.TIM_ETR_SetConfig  stm32f4xx_hal_tim.o
    0x080039be   0x080039be   0x00000010   Code   RO         2566    i.TIM_ITRx_SetConfig  stm32f4xx_hal_tim.o
    0x080039ce   0x080039ce   0x00000002   PAD
    0x080039d0   0x080039d0   0x00000060   Code   RO         2567    i.TIM_OC1_SetConfig  stm32f4xx_hal_tim.o
    0x08003a30   0x08003a30   0x0000006c   Code   RO         2568    i.TIM_OC2_SetConfig  stm32f4xx_hal_tim.o
    0x08003a9c   0x08003a9c   0x00000068   Code   RO         2569    i.TIM_OC3_SetConfig  stm32f4xx_hal_tim.o
    0x08003b04   0x08003b04   0x00000050   Code   RO         2570    i.TIM_OC4_SetConfig  stm32f4xx_hal_tim.o
    0x08003b54   0x08003b54   0x00000022   Code   RO         2572    i.TIM_TI1_ConfigInputStage  stm32f4xx_hal_tim.o
    0x08003b76   0x08003b76   0x00000024   Code   RO         2574    i.TIM_TI2_ConfigInputStage  stm32f4xx_hal_tim.o
    0x08003b9a   0x08003b9a   0x00000002   PAD
    0x08003b9c   0x08003b9c   0x00000104   Code   RO         6513    i.UART7_IRQHandler  a_communicate_task.o
    0x08003ca0   0x08003ca0   0x00000030   Code   RO          858    i.UART8_IRQHandler  stm32f4xx_it.o
    0x08003cd0   0x08003cd0   0x00000010   Code   RO         3474    i.UART_DMAAbortOnError  stm32f4xx_hal_uart.o
    0x08003ce0   0x08003ce0   0x0000004a   Code   RO         3475    i.UART_DMAError     stm32f4xx_hal_uart.o
    0x08003d2a   0x08003d2a   0x00000082   Code   RO         3476    i.UART_DMAReceiveCplt  stm32f4xx_hal_uart.o
    0x08003dac   0x08003dac   0x0000001a   Code   RO         3478    i.UART_DMARxHalfCplt  stm32f4xx_hal_uart.o
    0x08003dc6   0x08003dc6   0x00000042   Code   RO         3480    i.UART_DMATransmitCplt  stm32f4xx_hal_uart.o
    0x08003e08   0x08003e08   0x0000000a   Code   RO         3482    i.UART_DMATxHalfCplt  stm32f4xx_hal_uart.o
    0x08003e12   0x08003e12   0x0000004e   Code   RO         3484    i.UART_EndRxTransfer  stm32f4xx_hal_uart.o
    0x08003e60   0x08003e60   0x0000001c   Code   RO         3485    i.UART_EndTxTransfer  stm32f4xx_hal_uart.o
    0x08003e7c   0x08003e7c   0x000000c0   Code   RO         3486    i.UART_Receive_IT   stm32f4xx_hal_uart.o
    0x08003f3c   0x08003f3c   0x0000010c   Code   RO         3487    i.UART_SetConfig    stm32f4xx_hal_uart.o
    0x08004048   0x08004048   0x00000090   Code   RO         3488    i.UART_Start_Receive_DMA  stm32f4xx_hal_uart.o
    0x080040d8   0x080040d8   0x00000078   Code   RO         3490    i.UART_WaitOnFlagUntilTimeout  stm32f4xx_hal_uart.o
    0x08004150   0x08004150   0x00000014   Code   RO          859    i.USART1_IRQHandler  stm32f4xx_it.o
    0x08004164   0x08004164   0x00000014   Code   RO          860    i.USART2_IRQHandler  stm32f4xx_it.o
    0x08004178   0x08004178   0x00000074   Code   RO         5650    i.USART6_IRQHandler  bsp_rs485.o
    0x080041ec   0x080041ec   0x00000002   Code   RO          861    i.UsageFault_Handler  stm32f4xx_it.o
    0x080041ee   0x080041ee   0x00000030   Code   RO         7744    i.__ARM_fpclassify  m_wm.l(fpclassify.o)
    0x0800421e   0x0800421e   0x00000020   Code   RO         2072    i.__NVIC_SetPriority  stm32f4xx_hal_cortex.o
    0x0800423e   0x0800423e   0x00000002   PAD
    0x08004240   0x08004240   0x00000358   Code   RO         7511    i.__hardfp_acos     m_wm.l(acos.o)
    0x08004598   0x08004598   0x000002d8   Code   RO         7549    i.__hardfp_atan     m_wm.l(atan.o)
    0x08004870   0x08004870   0x0000007a   Code   RO         7587    i.__hardfp_sqrt     m_wm.l(sqrt_full.o)
    0x080048ea   0x080048ea   0x000000f8   Code   RO         7762    i.__kernel_poly     m_wm.l(poly.o)
    0x080049e2   0x080049e2   0x00000014   Code   RO         7725    i.__mathlib_dbl_infnan  m_wm.l(dunder.o)
    0x080049f6   0x080049f6   0x00000002   PAD
    0x080049f8   0x080049f8   0x00000020   Code   RO         7727    i.__mathlib_dbl_invalid  m_wm.l(dunder.o)
    0x08004a18   0x08004a18   0x00000020   Code   RO         7730    i.__mathlib_dbl_underflow  m_wm.l(dunder.o)
    0x08004a38   0x08004a38   0x00000002   Code   RO          753    i._sys_exit         usart.o
    0x08004a3a   0x08004a3a   0x00000002   Code   RO          754    i._ttywrch          usart.o
    0x08004a3c   0x08004a3c   0x00000134   Code   RO         6457    i.air_control_flags_set  air_control_task.o
    0x08004b70   0x08004b70   0x00000050   Code   RO         6458    i.air_control_init  air_control_task.o
    0x08004bc0   0x08004bc0   0x00000078   Code   RO         6459    i.air_control_task  air_control_task.o
    0x08004c38   0x08004c38   0x0000008c   Code   RO         6460    i.air_task_control  air_control_task.o
    0x08004cc4   0x08004cc4   0x000000f8   Code   RO         6613    i.arm_control_flag_set  arm_control_task.o
    0x08004dbc   0x08004dbc   0x000000c8   Code   RO         6614    i.arm_control_init  arm_control_task.o
    0x08004e84   0x08004e84   0x0000007c   Code   RO         6615    i.arm_control_key_check  arm_control_task.o
    0x08004f00   0x08004f00   0x0000088c   Code   RO         6616    i.arm_control_set   arm_control_task.o
    0x0800578c   0x0800578c   0x0000003c   Code   RO         6617    i.arm_control_task  arm_control_task.o
    0x080057c8   0x080057c8   0x000000e8   Code   RO         6618    i.arm_move_right_posiiton  arm_control_task.o
    0x080058b0   0x080058b0   0x0000071c   Code   RO         6619    i.arm_resolve       arm_control_task.o
    0x08005fcc   0x08005fcc   0x00000114   Code   RO         6571    i.arm_two_three_set_control  arm_zero_task.o
    0x080060e0   0x080060e0   0x00000084   Code   RO         6572    i.arm_zero_task     arm_zero_task.o
    0x08006164   0x08006164   0x00000058   Code   RO         5467    i.can_filter_init   bsp_can.o
    0x080061bc   0x080061bc   0x00000048   Code   RO         5860    i.chassis_behaviour_control_set  chassis_behaviour.o
    0x08006204   0x08006204   0x0000003c   Code   RO         5861    i.chassis_behaviour_mode_set  chassis_behaviour.o
    0x08006240   0x08006240   0x00000120   Code   RO         6026    i.chassis_control_loop  chassis_task.o
    0x08006360   0x08006360   0x000000b0   Code   RO         6027    i.chassis_feedback_update  chassis_task.o
    0x08006410   0x08006410   0x000000b4   Code   RO         6028    i.chassis_init      chassis_task.o
    0x080064c4   0x080064c4   0x00000090   Code   RO         5862    i.chassis_move_control  chassis_behaviour.o
    0x08006554   0x08006554   0x00000002   Code   RO         6029    i.chassis_pc_to_control_vector  chassis_task.o
    0x08006556   0x08006556   0x00000002   PAD
    0x08006558   0x08006558   0x00000148   Code   RO         6030    i.chassis_rc_to_control_vector  chassis_task.o
    0x080066a0   0x080066a0   0x000000a8   Code   RO         6031    i.chassis_task      chassis_task.o
    0x08006748   0x08006748   0x0000003c   Code   RO         5651    i.crc32_core        bsp_rs485.o
    0x08006784   0x08006784   0x000000d0   Code   RO         5652    i.extract_data      bsp_rs485.o
    0x08006854   0x08006854   0x00000018   Code   RO         7740    i.fabs              m_wm.l(fabs.o)
    0x0800686c   0x0800686c   0x0000004e   Code   RO         6826    i.first_order_filter_cali  user_lib.o
    0x080068ba   0x080068ba   0x00000012   Code   RO         6827    i.first_order_filter_init  user_lib.o
    0x080068cc   0x080068cc   0x00000020   Code   RO         6828    i.fp32_constrain    user_lib.o
    0x080068ec   0x080068ec   0x00000028   Code   RO         5749    i.fsg               td.o
    0x08006914   0x08006914   0x00000014   Code   RO         5803    i.get_chassis_motor_measure_point  can_receive.o
    0x08006928   0x08006928   0x00000008   Code   RO         6197    i.get_remote_control_point  remote_control.o
    0x08006930   0x08006930   0x0000000c   Code   RO         4848    i.inHandlerMode     cmsis_os.o
    0x0800693c   0x0800693c   0x00000088   Code   RO         6514    i.key_board_code    a_communicate_task.o
    0x080069c4   0x080069c4   0x0000000e   Code   RO         6154    i.key_init          keyboard.o
    0x080069d2   0x080069d2   0x0000005a   Code   RO         6155    i.key_itself_press_num  keyboard.o
    0x08006a2c   0x08006a2c   0x00000088   Code   RO         6156    i.key_press         keyboard.o
    0x08006ab4   0x08006ab4   0x000000a0   Code   RO           15    i.main              main.o
    0x08006b54   0x08006b54   0x0000000c   Code   RO         4850    i.makeFreeRtosPriority  cmsis_os.o
    0x08006b60   0x08006b60   0x000000e8   Code   RO         5653    i.modify_and_send_data_0  bsp_rs485.o
    0x08006c48   0x08006c48   0x0000000e   Code   RO         4852    i.osDelay           cmsis_os.o
    0x08006c56   0x08006c56   0x0000000e   Code   RO         4853    i.osDelayUntil      cmsis_os.o
    0x08006c64   0x08006c64   0x0000000a   Code   RO         4855    i.osKernelStart     cmsis_os.o
    0x08006c6e   0x08006c6e   0x00000018   Code   RO         4856    i.osKernelSysTick   cmsis_os.o
    0x08006c86   0x08006c86   0x00000054   Code   RO         4889    i.osThreadCreate    cmsis_os.o
    0x08006cda   0x08006cda   0x00000002   PAD
    0x08006cdc   0x08006cdc   0x000000d4   Code   RO         6416    i.pc_info_task      pc_info_task.o
    0x08006db0   0x08006db0   0x00000078   Code   RO         4342    i.prvAddCurrentTaskToDelayedList  tasks.o
    0x08006e28   0x08006e28   0x000000d0   Code   RO         4343    i.prvAddNewTaskToReadyList  tasks.o
    0x08006ef8   0x08006ef8   0x00000058   Code   RO         4701    i.prvCheckForValidListAndQueue  timers.o
    0x08006f50   0x08006f50   0x00000026   Code   RO         3999    i.prvCopyDataFromQueue  queue.o
    0x08006f76   0x08006f76   0x0000006c   Code   RO         4000    i.prvCopyDataToQueue  queue.o
    0x08006fe2   0x08006fe2   0x00000034   Code   RO         4344    i.prvDeleteTCB      tasks.o
    0x08007016   0x08007016   0x00000002   PAD
    0x08007018   0x08007018   0x0000004c   Code   RO         5232    i.prvHeapInit       heap_4.o
    0x08007064   0x08007064   0x00000060   Code   RO         4345    i.prvIdleTask       tasks.o
    0x080070c4   0x080070c4   0x00000016   Code   RO         4002    i.prvInitialiseNewQueue  queue.o
    0x080070da   0x080070da   0x00000002   PAD
    0x080070dc   0x080070dc   0x000000b4   Code   RO         4346    i.prvInitialiseNewTask  tasks.o
    0x08007190   0x08007190   0x0000004c   Code   RO         5233    i.prvInsertBlockIntoFreeList  heap_4.o
    0x080071dc   0x080071dc   0x00000038   Code   RO         4703    i.prvInsertTimerInActiveList  timers.o
    0x08007214   0x08007214   0x0000001c   Code   RO         4003    i.prvIsQueueEmpty   queue.o
    0x08007230   0x08007230   0x000000f0   Code   RO         4704    i.prvProcessReceivedCommands  timers.o
    0x08007320   0x08007320   0x000000c0   Code   RO         4705    i.prvProcessTimerOrBlockTask  timers.o
    0x080073e0   0x080073e0   0x00000020   Code   RO         4347    i.prvResetNextTaskUnblockTime  tasks.o
    0x08007400   0x08007400   0x00000028   Code   RO         4706    i.prvSampleTimeNow  timers.o
    0x08007428   0x08007428   0x0000006c   Code   RO         4707    i.prvSwitchTimerLists  timers.o
    0x08007494   0x08007494   0x00000014   Code   RO         4349    i.prvTaskCheckFreeStackSpace  tasks.o
    0x080074a8   0x080074a8   0x00000028   Code   RO         5288    i.prvTaskExitError  port.o
    0x080074d0   0x080074d0   0x00000024   Code   RO         4708    i.prvTimerTask      timers.o
    0x080074f4   0x080074f4   0x0000006a   Code   RO         4004    i.prvUnlockQueue    queue.o
    0x0800755e   0x0800755e   0x00000002   PAD
    0x08007560   0x08007560   0x000000dc   Code   RO         5234    i.pvPortMalloc      heap_4.o
    0x0800763c   0x0800763c   0x0000002c   Code   RO         5289    i.pxPortInitialiseStack  port.o
    0x08007668   0x08007668   0x00000010   Code   RO         6198    i.remote_control_init  remote_control.o
    0x08007678   0x08007678   0x0000001c   Code   RO         5654    i.rs485_uart_init   bsp_rs485.o
    0x08007694   0x08007694   0x00000122   Code   RO         6199    i.sbus_to_rc        remote_control.o
    0x080077b6   0x080077b6   0x0000006e   Code   RO         7589    i.sqrt              m_wm.l(sqrt_full.o)
    0x08007824   0x08007824   0x0000001c   Code   RO         5564    i.uart5_init        bsp_usart.o
    0x08007840   0x08007840   0x0000001c   Code   RO         5565    i.uart7_init        bsp_usart.o
    0x0800785c   0x0800785c   0x0000001c   Code   RO         5566    i.uart8_init        bsp_usart.o
    0x08007878   0x08007878   0x000000b4   Code   RO         6200    i.usart1_IRQHandler  remote_control.o
    0x0800792c   0x0800792c   0x00000130   Code   RO         6417    i.usart2_IRQHandler  pc_info_task.o
    0x08007a5c   0x08007a5c   0x0000005c   Code   RO         5567    i.usart2_idle_init  bsp_usart.o
    0x08007ab8   0x08007ab8   0x00000026   Code   RO         3959    i.uxListRemove      list.o
    0x08007ade   0x08007ade   0x00000002   PAD
    0x08007ae0   0x08007ae0   0x00000010   Code   RO         4355    i.uxTaskGetStackHighWaterMark  tasks.o
    0x08007af0   0x08007af0   0x00000014   Code   RO          356    i.vApplicationGetIdleTaskMemory  freertos.o
    0x08007b04   0x08007b04   0x00000018   Code   RO          357    i.vApplicationGetTimerTaskMemory  freertos.o
    0x08007b1c   0x08007b1c   0x00000016   Code   RO         3960    i.vListInitialise   list.o
    0x08007b32   0x08007b32   0x00000006   Code   RO         3961    i.vListInitialiseItem  list.o
    0x08007b38   0x08007b38   0x00000030   Code   RO         3962    i.vListInsert       list.o
    0x08007b68   0x08007b68   0x00000018   Code   RO         3963    i.vListInsertEnd    list.o
    0x08007b80   0x08007b80   0x00000040   Code   RO         5291    i.vPortEnterCritical  port.o
    0x08007bc0   0x08007bc0   0x00000028   Code   RO         5292    i.vPortExitCritical  port.o
    0x08007be8   0x08007be8   0x00000064   Code   RO         5235    i.vPortFree         heap_4.o
    0x08007c4c   0x08007c4c   0x00000024   Code   RO         5293    i.vPortSetupTimerInterrupt  port.o
    0x08007c70   0x08007c70   0x00000054   Code   RO         5294    i.vPortValidateInterruptPriority  port.o
    0x08007cc4   0x08007cc4   0x00000028   Code   RO         4008    i.vQueueAddToRegistry  queue.o
    0x08007cec   0x08007cec   0x00000044   Code   RO         4011    i.vQueueWaitForMessageRestricted  queue.o
    0x08007d30   0x08007d30   0x0000004c   Code   RO         4360    i.vTaskDelay        tasks.o
    0x08007d7c   0x08007d7c   0x0000008c   Code   RO         4361    i.vTaskDelayUntil   tasks.o
    0x08007e08   0x08007e08   0x00000010   Code   RO         4364    i.vTaskInternalSetTimeOutState  tasks.o
    0x08007e18   0x08007e18   0x0000000c   Code   RO         4365    i.vTaskMissedYield  tasks.o
    0x08007e24   0x08007e24   0x00000030   Code   RO         4367    i.vTaskPlaceOnEventList  tasks.o
    0x08007e54   0x08007e54   0x00000038   Code   RO         4368    i.vTaskPlaceOnEventListRestricted  tasks.o
    0x08007e8c   0x08007e8c   0x00000088   Code   RO         4375    i.vTaskStartScheduler  tasks.o
    0x08007f14   0x08007f14   0x00000010   Code   RO         4377    i.vTaskSuspendAll   tasks.o
    0x08007f24   0x08007f24   0x0000005c   Code   RO         4378    i.vTaskSwitchContext  tasks.o
    0x08007f80   0x08007f80   0x000000f4   Code   RO         5295    i.xPortStartScheduler  port.o
    0x08008074   0x08008074   0x0000002c   Code   RO         5296    i.xPortSysTickHandler  port.o
    0x080080a0   0x080080a0   0x00000066   Code   RO         4015    i.xQueueGenericCreateStatic  queue.o
    0x08008106   0x08008106   0x00000002   PAD
    0x08008108   0x08008108   0x00000088   Code   RO         4016    i.xQueueGenericReset  queue.o
    0x08008190   0x08008190   0x00000160   Code   RO         4017    i.xQueueGenericSend  queue.o
    0x080082f0   0x080082f0   0x000000be   Code   RO         4018    i.xQueueGenericSendFromISR  queue.o
    0x080083ae   0x080083ae   0x00000002   PAD
    0x080083b0   0x080083b0   0x00000138   Code   RO         4026    i.xQueueReceive     queue.o
    0x080084e8   0x080084e8   0x00000088   Code   RO         4381    i.xTaskCheckForTimeOut  tasks.o
    0x08008570   0x08008570   0x0000005a   Code   RO         4382    i.xTaskCreate       tasks.o
    0x080085ca   0x080085ca   0x00000056   Code   RO         4383    i.xTaskCreateStatic  tasks.o
    0x08008620   0x08008620   0x0000001c   Code   RO         4388    i.xTaskGetSchedulerState  tasks.o
    0x0800863c   0x0800863c   0x0000000c   Code   RO         4389    i.xTaskGetTickCount  tasks.o
    0x08008648   0x08008648   0x00000010   Code   RO         4390    i.xTaskGetTickCountFromISR  tasks.o
    0x08008658   0x08008658   0x000000cc   Code   RO         4391    i.xTaskIncrementTick  tasks.o
    0x08008724   0x08008724   0x00000098   Code   RO         4394    i.xTaskPriorityDisinherit  tasks.o
    0x080087bc   0x080087bc   0x00000074   Code   RO         4396    i.xTaskRemoveFromEventList  tasks.o
    0x08008830   0x08008830   0x000000c4   Code   RO         4397    i.xTaskResumeAll    tasks.o
    0x080088f4   0x080088f4   0x00000060   Code   RO         4715    i.xTimerCreateTimerTask  timers.o
    0x08008954   0x08008954   0x00000060   Code   RO         4716    i.xTimerGenericCommand  timers.o
    0x080089b4   0x080089b4   0x00000018   Code   RO         7699    x$fpl$basic         g_wm.l(basic.o)
    0x080089cc   0x080089cc   0x000002c4   Code   RO         7485    x$fpl$d2f           g_wm.l(d2f_clz.o)
    0x08008c90   0x08008c90   0x0000024c   Code   RO         7487    x$fpl$dadd          g_wm.l(daddsub_clz.o)
    0x08008edc   0x08008edc   0x0000037c   Code   RO         7494    x$fpl$ddiv          g_wm.l(ddiv_clz.o)
    0x08009258   0x08009258   0x0000001a   Code   RO         7499    x$fpl$dfltn         g_wm.l(dflt_clz.o)
    0x08009272   0x08009272   0x00000002   PAD
    0x08009274   0x08009274   0x000001c0   Code   RO         7505    x$fpl$dmul          g_wm.l(dmul_clz.o)
    0x08009434   0x08009434   0x00000102   Code   RO         7703    x$fpl$dnaninf       g_wm.l(dnaninf.o)
    0x08009536   0x08009536   0x00000070   Code   RO         7705    x$fpl$drenorm       g_wm.l(drenorm_clz.o)
    0x080095a6   0x080095a6   0x0000000c   Code   RO         7707    x$fpl$dretinf       g_wm.l(dretinf.o)
    0x080095b2   0x080095b2   0x00000002   PAD
    0x080095b4   0x080095b4   0x00000050   Code   RO         7488    x$fpl$drsb          g_wm.l(daddsub_clz.o)
    0x08009604   0x08009604   0x00000208   Code   RO         7709    x$fpl$dsqrt         g_wm.l(dsqrt_umaalclz.o)
    0x0800980c   0x0800980c   0x0000029c   Code   RO         7489    x$fpl$dsub          g_wm.l(daddsub_clz.o)
    0x08009aa8   0x08009aa8   0x0000017a   Code   RO         7711    x$fpl$dunder        g_wm.l(dunder_clz.o)
    0x08009c22   0x08009c22   0x00000002   PAD
    0x08009c24   0x08009c24   0x000001ec   Code   RO         7713    x$fpl$exception     g_wm.l(except.o)
    0x08009e10   0x08009e10   0x0000007a   Code   RO         7507    x$fpl$f2d           g_wm.l(f2d.o)
    0x08009e8a   0x08009e8a   0x000000f2   Code   RO         7715    x$fpl$fnaninf       g_wm.l(fnaninf.o)
    0x08009f7c   0x08009f7c   0x0000000a   Code   RO         7856    x$fpl$fpinit        g_wm.l(fpinit.o)
    0x08009f86   0x08009f86   0x0000000a   Code   RO         7717    x$fpl$fretinf       g_wm.l(fretinf.o)
    0x08009f90   0x08009f90   0x0000013c   Code   RO         7719    x$fpl$funder        g_wm.l(funder_clz.o)
    0x0800a0cc   0x0800a0cc   0x000000b2   Code   RO         7860    x$fpl$retnan        g_wm.l(retnan.o)
    0x0800a17e   0x0800a17e   0x0000007e   Code   RO         7721    x$fpl$trapveneer    g_wm.l(trapv.o)
    0x0800a1fc   0x0800a1fc   0x00000000   Code   RO         7723    x$fpl$usenofp       g_wm.l(usenofp.o)
    0x0800a1fc   0x0800a1fc   0x000000c4   Data   RO          359    .constdata          freertos.o
    0x0800a2c0   0x0800a2c0   0x00000008   Data   RO         1771    .constdata          stm32f4xx_hal_dma.o
    0x0800a2c8   0x0800a2c8   0x00000010   Data   RO         3791    .constdata          system_stm32f4xx.o
    0x0800a2d8   0x0800a2d8   0x00000008   Data   RO         3792    .constdata          system_stm32f4xx.o
    0x0800a2e0   0x0800a2e0   0x00000044   Data   RO         6033    .constdata          chassis_task.o
    0x0800a324   0x0800a324   0x00000804   Data   RO         7348    .constdata          arm_cortexM4lf_math.lib(arm_common_tables.o)
    0x0800ab28   0x0800ab28   0x00000050   Data   RO         7514    .constdata          m_wm.l(acos.o)
    0x0800ab78   0x0800ab78   0x00000098   Data   RO         7552    .constdata          m_wm.l(atan.o)
    0x0800ac10   0x0800ac10   0x00000063   Data   RO          360    .conststring        freertos.o
    0x0800ac73   0x0800ac73   0x00000001   PAD
    0x0800ac74   0x0800ac74   0x00000020   Data   RO         7949    Region$$Table       anon$$obj.o


    Execution Region RW_IRAM2 (Exec base: 0x10000000, Load base: 0x0800aca4, Size: 0x00000000, Max: 0x00010000, ABSOLUTE)

    **** No section assigned to this execution region ****


    Execution Region RW_IRAM1 (Exec base: 0x20000000, Load base: 0x0800ac94, Size: 0x00007d88, Max: 0x00030000, ABSOLUTE, COMPRESSED[0x00000010])

    Exec Addr    Load Addr    Size         Type   Attr      Idx    E Section Name        Object

    0x20000000   COMPRESSED   0x0000001c   Data   RW          361    .data               freertos.o
    0x2000001c   COMPRESSED   0x00000004   Data   RW          613    .data               can.o
    0x20000020   COMPRESSED   0x0000000c   Data   RW         2218    .data               stm32f4xx_hal.o
    0x2000002c   COMPRESSED   0x00000004   Data   RW         3793    .data               system_stm32f4xx.o
    0x20000030   COMPRESSED   0x0000003c   Data   RW         4400    .data               tasks.o
    0x2000006c   COMPRESSED   0x00000014   Data   RW         4722    .data               timers.o
    0x20000080   COMPRESSED   0x00000020   Data   RW         5241    .data               heap_4.o
    0x200000a0   COMPRESSED   0x0000000c   Data   RW         5297    .data               port.o
    0x200000ac   COMPRESSED   0x00000002   Data   RW         5570    .data               bsp_usart.o
    0x200000ae   COMPRESSED   0x00000002   PAD
    0x200000b0   COMPRESSED   0x0000004c   Data   RW         5624    .data               bsp_gyro.o
    0x200000fc   COMPRESSED   0x00000004   Data   RW         5661    .data               bsp_rs485.o
    0x20000100   COMPRESSED   0x00000011   Data   RW         5805    .data               can_receive.o
    0x20000111   COMPRESSED   0x00000002   Data   RW         5863    .data               chassis_behaviour.o
    0x20000113   COMPRESSED   0x00000001   PAD
    0x20000114   COMPRESSED   0x00000004   Data   RW         6034    .data               chassis_task.o
    0x20000118   COMPRESSED   0x00000004   Data   RW         6158    .data               keyboard.o
    0x2000011c   COMPRESSED   0x00000002   Data   RW         6202    .data               remote_control.o
    0x2000011e   COMPRESSED   0x00000002   PAD
    0x20000120   COMPRESSED   0x00000014   Data   RW         6461    .data               air_control_task.o
    0x20000134   COMPRESSED   0x00000010   Data   RW         6516    .data               a_communicate_task.o
    0x20000144   COMPRESSED   0x00000008   Data   RW         6574    .data               arm_zero_task.o
    0x2000014c   COMPRESSED   0x00000034   Data   RW         6621    .data               arm_control_task.o
    0x20000180        -       0x000006a8   Zero   RW          358    .bss                freertos.o
    0x20000828        -       0x00000050   Zero   RW          612    .bss                can.o
    0x20000878        -       0x000000d8   Zero   RW          690    .bss                tim.o
    0x20000950        -       0x000003bc   Zero   RW          756    .bss                usart.o
    0x20000d0c        -       0x00000040   Zero   RW         4029    .bss                queue.o
    0x20000d4c        -       0x000000f0   Zero   RW         4399    .bss                tasks.o
    0x20000e3c        -       0x000000e8   Zero   RW         4721    .bss                timers.o
    0x20000f24        -       0x00006000   Zero   RW         5240    .bss                heap_4.o
    0x20006f24        -       0x00000064   Zero   RW         5569    .bss                bsp_usart.o
    0x20006f88        -       0x000000fa   Zero   RW         5623    .bss                bsp_gyro.o
    0x20007082        -       0x00000070   Zero   RW         5655    .bss                bsp_rs485.o
    0x200070f2   COMPRESSED   0x00000002   PAD
    0x200070f4        -       0x00000080   Zero   RW         5804    .bss                can_receive.o
    0x20007174        -       0x000002cc   Zero   RW         6032    .bss                chassis_task.o
    0x20007440        -       0x00000096   Zero   RW         6157    .bss                keyboard.o
    0x200074d6        -       0x0000006c   Zero   RW         6201    .bss                remote_control.o
    0x20007542        -       0x0000005e   Zero   RW         6418    .bss                pc_info_task.o
    0x200075a0        -       0x00000050   Zero   RW         6515    .bss                a_communicate_task.o
    0x200075f0        -       0x00000120   Zero   RW         6573    .bss                arm_zero_task.o
    0x20007710        -       0x00000014   Zero   RW         6620    .bss                arm_control_task.o
    0x20007724        -       0x00000060   Zero   RW         7770    .bss                c_w.l(libspace.o)
    0x20007784   COMPRESSED   0x00000004   PAD
    0x20007788        -       0x00000200   Zero   RW            2    HEAP                startup_stm32f427xx.o
    0x20007988        -       0x00000400   Zero   RW            1    STACK               startup_stm32f427xx.o


==============================================================================

Image component sizes


      Code (inc. data)   RO Data    RW Data    ZI Data      Debug   Object Name

       956        100          0         16         80       5211   a_communicate_task.o
       648         64          0         20          0       4617   air_control_task.o
      4872        374          0         52         20      11842   arm_control_task.o
       408         54          0          8        288       5284   arm_zero_task.o
         0          0          0          0          0     633484   bsp_buzzer.o
        88          8          0          0          0        582   bsp_can.o
       192         18          0         76        250       1965   bsp_gyro.o
        96         12          0          0          0       1014   bsp_rc.o
       644         86          0          4        112       7798   bsp_rs485.o
       176         28          0          2        100       3028   bsp_usart.o
       388         40          0          4         80       2478   can.o
       208         28          0         17        128       3838   can_receive.o
       276         36          0          2          0      12410   chassis_behaviour.o
      1142         92         68          4        716       9163   chassis_task.o
       170          0          0          0          0      32546   cmsis_os.o
         0          0          0          0          0       7400   croutine.o
       124          4          0          0          0        842   dma.o
         0          0          0          0          0      22140   event_groups.o
       224         20        295         28       1704     662980   freertos.o
       352         28          0          0          0     747211   gpio.o
       472         24          0         32      24576       4855   heap_4.o
       240         24          0          4        150       3863   keyboard.o
       138          0          0          0          0       3530   list.o
       312         18          0          0          0      80036   main.o
       516         50          0          0         94       3803   pc_info_task.o
       388          8          0          0          0       1918   pid.o
       786         82          0         12          0      11841   port.o
      1502         20          0          0         64      17284   queue.o
       494         32          0          2        108       4919   remote_control.o
        64         26        428          0       1536        844   startup_stm32f427xx.o
        92         20          0         12          0       8334   stm32f4xx_hal.o
      1658          6          0          0          0      14243   stm32f4xx_hal_can.o
       162          4          0          0          0      33212   stm32f4xx_hal_cortex.o
      1154         16          8          0          0       8202   stm32f4xx_hal_dma.o
       574         54          0          0          0       2208   stm32f4xx_hal_gpio.o
      1348         76          0          0          0       5232   stm32f4xx_hal_rcc.o
      1646        138          0          0          0      13693   stm32f4xx_hal_tim.o
       144         28          0          0          0       1340   stm32f4xx_hal_tim_ex.o
      2238         44          0          0          0      17908   stm32f4xx_hal_uart.o
       208         58          0          0          0       8919   stm32f4xx_it.o
         0          0          0          0          0        384   stream_buffer.o
        16          4         24          4          0       1127   system_stm32f4xx.o
      2352        176          0         60        240      29779   tasks.o
       448         22          0          0          0       2869   td.o
       756         60          0          0        216       4036   tim.o
       952         80          0         20        232      32195   timers.o
      1300        136          0          0        956       8582   usart.o
       128          0          0          0          0       2353   user_lib.o

    ----------------------------------------------------------------------
     31098       2198        856        384      31652    2503342   Object Totals
         0          0         32          0          0          0   (incl. Generated)
        46          0          1          5          2          0   (incl. Padding)

    ----------------------------------------------------------------------

      Code (inc. data)   RO Data    RW Data    ZI Data      Debug   Library Member Name

         0          0       2052          0          0       4636   arm_common_tables.o
       120         12          0          0          0      16970   arm_cos_f32.o
       116         12          0          0          0        658   arm_sin_f32.o
        58          0          0          0          0          0   __dczerorl.o
         8          0          0          0          0         68   __main.o
         0          0          0          0          0          0   __rtentry.o
        12          0          0          0          0          0   __rtentry2.o
         6          0          0          0          0          0   __rtentry4.o
        52          8          0          0          0          0   __scatter.o
        28          0          0          0          0          0   __scatter_zi.o
        48          4          0          0          0         84   _fptrap.o
        22          0          0          0          0        100   _rserrno.o
        16          0          0          0          0         68   aeabi_memset.o
        10          0          0          0          0         68   defsig_exit.o
       172        110          0          0          0         76   defsig_fpe_inner.o
        14          0          0          0          0         80   defsig_fpe_outer.o
        50          0          0          0          0         88   defsig_general.o
        18          0          0          0          0         80   exit.o
         6          0          0          0          0        152   heapauxi.o
         2          0          0          0          0          0   libinit.o
         6          0          0          0          0          0   libinit2.o
         2          0          0          0          0          0   libshutdown.o
         2          0          0          0          0          0   libshutdown2.o
         8          4          0          0         96         68   libspace.o
       238          0          0          0          0        100   lludivv7m.o
         8          4          0          0          0         68   rt_errno_addr_intlibspace.o
        68          0          0          0          0         68   rt_memclr.o
        78          0          0          0          0         80   rt_memclr_w.o
       138          0          0          0          0         68   rt_memcpy_v6.o
       100          0          0          0          0         80   rt_memcpy_w.o
         2          0          0          0          0          0   rtexit.o
        10          0          0          0          0          0   rtexit2.o
        74          0          0          0          0         80   sys_stackheap_outer.o
         2          0          0          0          0         68   use_no_semi.o
         2          0          0          0          0         68   use_no_semi_2.o
        24          0          0          0          0        164   basic.o
       708         16          0          0          0        140   d2f_clz.o
      1336         32          0          0          0        532   daddsub_clz.o
       892        152          0          0          0        292   ddiv_clz.o
        26          0          0          0          0        116   dflt_clz.o
       448         16          0          0          0        164   dmul_clz.o
       258          4          0          0          0        156   dnaninf.o
       112          0          0          0          0        160   drenorm_clz.o
        12          0          0          0          0        116   dretinf.o
       520         56          0          0          0        180   dsqrt_umaalclz.o
       378          0          0          0          0        168   dunder_clz.o
       492         36          0          0          0        148   except.o
       122          8          0          0          0        132   f2d.o
       242          4          0          0          0        144   fnaninf.o
        10          0          0          0          0        116   fpinit.o
        10          0          0          0          0        116   fretinf.o
       316          0          0          0          0        132   funder_clz.o
       178          0          0          0          0        116   retnan.o
       126          0          0          0          0        148   trapv.o
         0          0          0          0          0          0   usenofp.o
       856        118         80          0          0        288   acos.o
       728        106        152          0          0        228   atan.o
        84         16          0          0          0        372   dunder.o
        24          0          0          0          0        124   fabs.o
        48          0          0          0          0        124   fpclassify.o
       248          0          0          0          0        152   poly.o
       232          0          0          0          0        296   sqrt_full.o

    ----------------------------------------------------------------------
      9942        718       2284          0        100      28700   Library Totals
        16          0          0          0          4          0   (incl. Padding)

    ----------------------------------------------------------------------

      Code (inc. data)   RO Data    RW Data    ZI Data      Debug   Library Name

       236         24       2052          0          0      22264   arm_cortexM4lf_math.lib
      1260        130          0          0         96       1612   c_w.l
      6210        324          0          0          0       3240   g_wm.l
      2220        240        232          0          0       1584   m_wm.l

    ----------------------------------------------------------------------
      9942        718       2284          0        100      28700   Library Totals

    ----------------------------------------------------------------------

==============================================================================


      Code (inc. data)   RO Data    RW Data    ZI Data      Debug   

     41040       2916       3140        384      31752    2503610   Grand Totals
     41040       2916       3140         16      31752    2503610   ELF Image Totals (compressed)
     41040       2916       3140         16          0          0   ROM Totals

==============================================================================

    Total RO  Size (Code + RO Data)                44180 (  43.14kB)
    Total RW  Size (RW Data + ZI Data)             32136 (  31.38kB)
    Total ROM Size (Code + RO Data + RW Data)      44196 (  43.16kB)

==============================================================================

